This is pdfTeX, Version 3.141592653-2.6-1.40.28 (MiKTeX 25.12) (preloaded format=pdflatex 2026.6.21)  16 AUG 2026 10:40
entering extended mode
 restricted \write18 enabled.
 %&-line parsing enabled.
**./principal.tex
(principal.tex
LaTeX2e <2025-11-01>
L3 programming layer <2025-12-24>
(C:\Users\nayar\AppData\Local\Programs\MiKTeX\tex/latex/base\article.cls
Document Class: article 2025/01/22 v1.4n Standard LaTeX document class
(C:\Users\nayar\AppData\Local\Programs\MiKTeX\tex/latex/base\size12.clo
File: size12.clo 2025/01/22 v1.4n Standard LaTeX file (size option)
)
\c@part=\count275
\c@section=\count276
\c@subsection=\count277
\c@subsubsection=\count278
\c@paragraph=\count279
\c@subparagraph=\count280
\c@figure=\count281
\c@table=\count282
\abovecaptionskip=\skip49
\belowcaptionskip=\skip50
\bibindent=\dimen148
)
(C:\Users\nayar\AppData\Local\Programs\MiKTeX\tex/latex/psnfss\times.sty
Package: times 2020/03/25 PSNFSS-v9.3 (SPQR) 
)
(abakos.sty (cvs-id.def)
Package: abakos 2012/29/08 v0.1

(C:\Users\nayar\AppData\Local\Programs\MiKTeX\tex/latex/base\fontenc.sty
Package: fontenc 2025/07/18 v2.1d Standard LaTeX package
LaTeX Font Info:    Trying to load font information for T1+ptm on input line 11
6.

(C:\Users\nayar\AppData\Local\Programs\MiKTeX\tex/latex/psnfss\t1ptm.fd
File: t1ptm.fd 2001/06/04 font definitions for T1/ptm.
))
(C:\Users\nayar\AppData\Local\Programs\MiKTeX\tex/latex/multirow\multirow.sty
Package: multirow 2024/11/12 v2.9 Span multiple rows of a table
\multirow@colwidth=\skip51
\multirow@cntb=\count283
\multirow@dima=\skip52
\bigstrutjot=\dimen149
)
(C:\Users\nayar\AppData\Local\Programs\MiKTeX\tex/latex/tools\array.sty
Package: array 2025/09/25 v2.6n Tabular extension package (FMi)
\col@sep=\dimen150
\ar@mcellbox=\box53
\extrarowheight=\dimen151
\NC@list=\toks17
\extratabsurround=\skip53
\backup@length=\skip54
\ar@cellbox=\box54
)
(C:\Users\nayar\AppData\Local\Programs\MiKTeX\tex/latex/fancyhdr\fancyhdr.sty
Package: fancyhdr 2025/02/07 v5.2 Extensive control of page headers and footers

\f@nch@headwidth=\skip55
\f@nch@offset@elh=\skip56
\f@nch@offset@erh=\skip57
\f@nch@offset@olh=\skip58
\f@nch@offset@orh=\skip59
\f@nch@offset@elf=\skip60
\f@nch@offset@erf=\skip61
\f@nch@offset@olf=\skip62
\f@nch@offset@orf=\skip63
\f@nch@height=\skip64
\f@nch@footalignment=\skip65
\f@nch@widthL=\skip66
\f@nch@widthC=\skip67
\f@nch@widthR=\skip68
\@temptokenb=\toks18
)
(C:\Users\nayar\AppData\Local\Programs\MiKTeX\tex/generic/babel\babel.sty
Package: babel 2025/12/11 v25.17 The multilingual framework for LuaLaTeX, pdfLa
TeX and XeLaTeX
\babel@savecnt=\count284
LaTeX Encoding Info:    Redeclaring text command \ij (encoding OT1) on input li
ne 2068.
LaTeX Encoding Info:    Redeclaring text command \IJ (encoding OT1) on input li
ne 2070.
LaTeX Encoding Info:    Redeclaring text command \ij (encoding T1) on input lin
e 2072.
LaTeX Encoding Info:    Redeclaring text command \IJ (encoding T1) on input lin
e 2073.
LaTeX Encoding Info:    Ignoring declaration for text command \ij (encoding ?) 
on input line 2074.
LaTeX Encoding Info:    Ignoring declaration for text command \IJ (encoding ?) 
on input line 2076.
LaTeX Encoding Info:    Ignoring declaration for text command \SS (encoding ?) 
on input line 2101.
\U@D=\dimen152
\l@unhyphenated=\language79

(C:\Users\nayar\AppData\Local\Programs\MiKTeX\tex/generic/babel\txtbabel.def)
\bbl@readstream=\read2
\bbl@dirlevel=\count285
Package babel Info: Configuration files are deprecated, as
(babel)             they can break document portability.
(babel)             Reported on input line 4196.

*************************************
* Local config file bblopts.cfg used
*
(C:\Users\nayar\AppData\Local\Programs\MiKTeX\tex/latex/arabi\bblopts.cfg
File: bblopts.cfg 2005/09/08 v0.1 add Arabic and Farsi to "declared" options of
 babel
)
(C:\Users\nayar\AppData\Local\Programs\MiKTeX\tex/generic/babel/locale/en\babel
-english.tex)
(C:\Users\nayar\AppData\Local\Programs\MiKTeX\tex/generic/babel/locale/pt\babel
-brazilian.tex)
Package babel Info: Importing font and identification data for english
(babel)             from babel-en.ini. Reported on input line 4320.

(C:\Users\nayar\AppData\Local\Programs\MiKTeX\tex/latex/babel-english\english.l
df
Language: english 2017/06/06 v3.3r English support from the babel system
Package babel Info: Hyphen rules for 'canadian' set to \l@english
(babel)             (\language0). Reported on input line 102.
Package babel Info: Hyphen rules for 'australian' set to \l@ukenglish
(babel)             (\language73). Reported on input line 105.
Package babel Info: Hyphen rules for 'newzealand' set to \l@ukenglish
(babel)             (\language73). Reported on input line 108.
)
Package babel Info: Importing font and identification data for brazilian
(babel)             from babel-pt-BR.ini. Reported on input line 4320.

(C:\Users\nayar\AppData\Local\Programs\MiKTeX\tex/latex/babel-portuges\brazilia
n.ldf
Language: portuges 2026/01/24 v1.2u Portuguese support from the babel system
Package babel Info: Hyphen rules for 'brazilian' set to \l@portuguese
(babel)             (\language56). Reported on input line 100.
Package babel Info: Making " an active character on input line 132.
))
(C:\Users\nayar\AppData\Local\Programs\MiKTeX\tex/latex/tocloft\tocloft.sty
Package: tocloft 2017/08/31 v2.3i parameterised ToC, etc., typesetting
Package tocloft Info: The document has section divisions on input line 51.
\cftparskip=\skip69
\cftbeforetoctitleskip=\skip70
\cftaftertoctitleskip=\skip71
\cftbeforepartskip=\skip72
\cftpartnumwidth=\skip73
\cftpartindent=\skip74
\cftbeforesecskip=\skip75
\cftsecindent=\skip76
\cftsecnumwidth=\skip77
\cftbeforesubsecskip=\skip78
\cftsubsecindent=\skip79
\cftsubsecnumwidth=\skip80
\cftbeforesubsubsecskip=\skip81
\cftsubsubsecindent=\skip82
\cftsubsubsecnumwidth=\skip83
\cftbeforeparaskip=\skip84
\cftparaindent=\skip85
\cftparanumwidth=\skip86
\cftbeforesubparaskip=\skip87
\cftsubparaindent=\skip88
\cftsubparanumwidth=\skip89
\cftbeforeloftitleskip=\skip90
\cftafterloftitleskip=\skip91
\cftbeforefigskip=\skip92
\cftfigindent=\skip93
\cftfignumwidth=\skip94
\c@lofdepth=\count286
\c@lotdepth=\count287
\cftbeforelottitleskip=\skip95
\cftafterlottitleskip=\skip96
\cftbeforetabskip=\skip97
\cfttabindent=\skip98
\cfttabnumwidth=\skip99
)
(C:\Users\nayar\AppData\Local\Programs\MiKTeX\tex/latex/caption\caption.sty
Package: caption 2023/08/05 v3.6o Customizing captions (AR)

(C:\Users\nayar\AppData\Local\Programs\MiKTeX\tex/latex/caption\caption3.sty
Package: caption3 2023/07/31 v2.4d caption3 kernel (AR)

(C:\Users\nayar\AppData\Local\Programs\MiKTeX\tex/latex/graphics\keyval.sty
Package: keyval 2022/05/29 v1.15 key=value parser (DPC)
\KV@toks@=\toks19
)
\caption@tempdima=\dimen153
\captionmargin=\dimen154
\caption@leftmargin=\dimen155
\caption@rightmargin=\dimen156
\caption@width=\dimen157
\caption@indent=\dimen158
\caption@parindent=\dimen159
\caption@hangindent=\dimen160
Package caption Info: Standard document class detected.
)
\c@caption@flags=\count288
\c@continuedfloat=\count289
)
(C:\Users\nayar\AppData\Local\Programs\MiKTeX\tex/latex/setspace\setspace.sty
Package: setspace 2022/12/04 v6.7b set line spacing
)
(C:\Users\nayar\AppData\Local\Programs\MiKTeX\tex/latex/lipsum\lipsum.sty
(C:\Users\nayar\AppData\Local\Programs\MiKTeX\tex/latex/l3packages/l3keys2e\l3k
eys2e.sty
(C:\Users\nayar\AppData\Local\Programs\MiKTeX\tex/latex/l3kernel\expl3.sty
Package: expl3 2025-12-24 L3 programming layer (loader) 

(C:\Users\nayar\AppData\Local\Programs\MiKTeX\tex/latex/l3backend\l3backend-pdf
tex.def
File: l3backend-pdftex.def 2025-10-09 L3 backend support: PDF output (pdfTeX)
\l__color_backend_stack_int=\count290
))
Package: l3keys2e 2025-10-09 LaTeX2e option processing using LaTeX3 keys
)
Package: lipsum 2021-09-20 v2.7 150 paragraphs of Lorem Ipsum dummy text
\g__lipsum_par_int=\count291
\l__lipsum_a_int=\count292
\l__lipsum_b_int=\count293

(C:\Users\nayar\AppData\Local\Programs\MiKTeX\tex/latex/lipsum\lipsum.ltd.tex))
(C:\Users\nayar\AppData\Local\Programs\MiKTeX\tex/latex/hyperref\hyperref.sty
Package: hyperref 2025-07-12 v7.01o Hypertext links for LaTeX

(C:\Users\nayar\AppData\Local\Programs\MiKTeX\tex/generic/iftex\iftex.sty
Package: iftex 2024/12/12 v1.0g TeX engine tests
)
(C:\Users\nayar\AppData\Local\Programs\MiKTeX\tex/latex/kvsetkeys\kvsetkeys.sty
Package: kvsetkeys 2022-10-05 v1.19 Key value parser (HO)
)
(C:\Users\nayar\AppData\Local\Programs\MiKTeX\tex/generic/kvdefinekeys\kvdefine
keys.sty
Package: kvdefinekeys 2019-12-19 v1.6 Define keys (HO)
)
(C:\Users\nayar\AppData\Local\Programs\MiKTeX\tex/generic/pdfescape\pdfescape.s
ty
Package: pdfescape 2019/12/09 v1.15 Implements pdfTeX's escape features (HO)

(C:\Users\nayar\AppData\Local\Programs\MiKTeX\tex/generic/ltxcmds\ltxcmds.sty
Package: ltxcmds 2023-12-04 v1.26 LaTeX kernel commands for general use (HO)
)
(C:\Users\nayar\AppData\Local\Programs\MiKTeX\tex/generic/pdftexcmds\pdftexcmds
.sty
Package: pdftexcmds 2020-06-27 v0.33 Utility functions of pdfTeX for LuaTeX (HO
)

(C:\Users\nayar\AppData\Local\Programs\MiKTeX\tex/generic/infwarerr\infwarerr.s
ty
Package: infwarerr 2019/12/03 v1.5 Providing info/warning/error messages (HO)
)
Package pdftexcmds Info: \pdf@primitive is available.
Package pdftexcmds Info: \pdf@ifprimitive is available.
Package pdftexcmds Info: \pdfdraftmode found.
))
(C:\Users\nayar\AppData\Local\Programs\MiKTeX\tex/latex/hycolor\hycolor.sty
Package: hycolor 2020-01-27 v1.10 Color options for hyperref/bookmark (HO)
)
(C:\Users\nayar\AppData\Local\Programs\MiKTeX\tex/latex/hyperref\nameref.sty
Package: nameref 2025-06-21 v2.57 Cross-referencing by name of section

(C:\Users\nayar\AppData\Local\Programs\MiKTeX\tex/latex/refcount\refcount.sty
Package: refcount 2019/12/15 v3.6 Data extraction from label references (HO)
)
(C:\Users\nayar\AppData\Local\Programs\MiKTeX\tex/generic/gettitlestring\gettit
lestring.sty
Package: gettitlestring 2019/12/15 v1.6 Cleanup title references (HO)

(C:\Users\nayar\AppData\Local\Programs\MiKTeX\tex/latex/kvoptions\kvoptions.sty
Package: kvoptions 2022-06-15 v3.15 Key value format for package options (HO)
))
\c@section@level=\count294
)
(C:\Users\nayar\AppData\Local\Programs\MiKTeX\tex/latex/etoolbox\etoolbox.sty
Package: etoolbox 2025/10/02 v2.5m e-TeX tools for LaTeX (JAW)
\etb@tempcnta=\count295
)
(C:\Users\nayar\AppData\Local\Programs\MiKTeX\tex/generic/stringenc\stringenc.s
ty
Package: stringenc 2019/11/29 v1.12 Convert strings between diff. encodings (HO
)
)
\@linkdim=\dimen161
\Hy@linkcounter=\count296
\Hy@pagecounter=\count297
 (C:\Users\nayar\AppData\Local\Programs\MiKTeX\tex/latex/hyperref\pd1enc.def
File: pd1enc.def 2025-07-12 v7.01o Hyperref: PDFDocEncoding definition (HO)
Now handling font encoding PD1 ...
... no UTF-8 mapping file for font encoding PD1
) (C:\Users\nayar\AppData\Local\Programs\MiKTeX\tex/generic/intcalc\intcalc.sty
Package: intcalc 2019/12/15 v1.3 Expandable calculations with integers (HO)
)
\Hy@SavedSpaceFactor=\count298
 (C:\Users\nayar\AppData\Local\Programs\MiKTeX\tex/latex/hyperref\puenc.def
File: puenc.def 2025-07-12 v7.01o Hyperref: PDF Unicode definition (HO)
Now handling font encoding PU ...
... no UTF-8 mapping file for font encoding PU
)
Package hyperref Info: Hyper figures OFF on input line 4195.
Package hyperref Info: Link nesting OFF on input line 4200.
Package hyperref Info: Hyper index ON on input line 4203.
Package hyperref Info: Plain pages OFF on input line 4210.
Package hyperref Info: Backreferencing OFF on input line 4215.
Package hyperref Info: Implicit mode ON; LaTeX internals redefined.
Package hyperref Info: Bookmarks ON on input line 4462.
\c@Hy@tempcnt=\count299

(C:\Users\nayar\AppData\Local\Programs\MiKTeX\tex/latex/url\url.sty
\Urlmuskip=\muskip17
Package: url 2013/09/16  ver 3.4  Verb mode for urls, etc.
)
LaTeX Info: Redefining \url on input line 4801.
\XeTeXLinkMargin=\dimen162

(C:\Users\nayar\AppData\Local\Programs\MiKTeX\tex/generic/bitset\bitset.sty
Package: bitset 2019/12/09 v1.3 Handle bit-vector datatype (HO)

(C:\Users\nayar\AppData\Local\Programs\MiKTeX\tex/generic/bigintcalc\bigintcalc
.sty
Package: bigintcalc 2019/12/15 v1.5 Expandable calculations on big integers (HO
)
))
\Fld@menulength=\count300
\Field@Width=\dimen163
\Fld@charsize=\dimen164
Package hyperref Info: Hyper figures OFF on input line 6078.
Package hyperref Info: Link nesting OFF on input line 6083.
Package hyperref Info: Hyper index ON on input line 6086.
Package hyperref Info: backreferencing OFF on input line 6093.
Package hyperref Info: Link coloring OFF on input line 6098.
Package hyperref Info: Link coloring with OCG OFF on input line 6103.
Package hyperref Info: PDF/A mode OFF on input line 6108.
\Hy@abspage=\count301
\c@Item=\count302
\c@Hfootnote=\count303
)
Package hyperref Info: Driver (autodetected): hpdftex.

(C:\Users\nayar\AppData\Local\Programs\MiKTeX\tex/latex/hyperref\hpdftex.def
File: hpdftex.def 2025-07-12 v7.01o Hyperref driver for pdfTeX
\Fld@listcount=\count304
\c@bookmark@seq@number=\count305

(C:\Users\nayar\AppData\Local\Programs\MiKTeX\tex/latex/rerunfilecheck\rerunfil
echeck.sty
Package: rerunfilecheck 2025-06-21 v1.11 Rerun checks for auxiliary files (HO)

(C:\Users\nayar\AppData\Local\Programs\MiKTeX\tex/generic/uniquecounter\uniquec
ounter.sty
Package: uniquecounter 2019/12/15 v1.4 Provide unlimited unique counter (HO)
)
Package uniquecounter Info: New unique counter `rerunfilecheck' on input line 2
84.
)
\Hy@SectionHShift=\skip100
)
Package hyperref Info: Option `colorlinks' set `true' on input line 59.
Package hyperref Info: Option `breaklinks' set `true' on input line 59.

(C:\Users\nayar\AppData\Local\Programs\MiKTeX\tex/latex/abntex2\abntex2cite.sty
Package: abntex2cite 2018/11/24 v-1.9.7 abnTeX2
(C:\Users\nayar\AppData\Local\Programs\MiKTeX\tex/latex/base\ifthen.sty
Package: ifthen 2024/03/16 v1.1e Standard LaTeX ifthen package (DPC)
)
(C:\Users\nayar\AppData\Local\Programs\MiKTeX\tex/latex/tools\calc.sty
Package: calc 2025/03/01 v4.3b Infix arithmetic (KKT,FJ)
\calc@Acount=\count306
\calc@Bcount=\count307
\calc@Adimen=\dimen165
\calc@Bdimen=\dimen166
\calc@Askip=\skip101
\calc@Bskip=\skip102
LaTeX Info: Redefining \setlength on input line 86.
LaTeX Info: Redefining \addtolength on input line 87.
\calc@Ccount=\count308
\calc@Cskip=\skip103
)
(C:\Users\nayar\AppData\Local\Programs\MiKTeX\tex/latex/abntex2\abntex2abrev.st
y)
\minimumbiblabelwidth=\skip104
\ABCIauxlen=\skip105
\c@ABCIaux=\count309
\c@ABCImax=\count310
 (C:\Users\nayar\AppData\Local\Programs\MiKTeX\tex/generic/iftex\ifpdf.sty
Package: ifpdf 2019/10/25 v3.4 ifpdf legacy package. Use iftex instead.
)
(C:\Users\nayar\AppData\Local\Programs\MiKTeX\tex/generic/iftex\ifxetex.sty
Package: ifxetex 2019/10/25 v0.7 ifxetex legacy package. Use iftex instead.
)
(C:\Users\nayar\AppData\Local\Programs\MiKTeX\tex/latex/relsize\relsize.sty
Package: relsize 2013/03/29 ver 4.1
)
\biblabelsep=\skip106
LaTeX Info: Redefining \newblock on input line 591.
LaTeX Info: Redefining \cite on input line 618.
\ABCItoken=\toks20
)
\citation{abnt-full-initials=yes}
(C:\Users\nayar\AppData\Local\Programs\MiKTeX\tex/latex/base\inputenc.sty
Package: inputenc 2024/02/08 v1.3d Input encoding file
\inpenc@prehook=\toks21
\inpenc@posthook=\toks22
)
(C:\Users\nayar\AppData\Local\Programs\MiKTeX\tex/latex/graphics\graphicx.sty
Package: graphicx 2024/12/31 v1.2e Enhanced LaTeX Graphics (DPC,SPQR)

(C:\Users\nayar\AppData\Local\Programs\MiKTeX\tex/latex/graphics\graphics.sty
Package: graphics 2024/08/06 v1.4g Standard LaTeX Graphics (DPC,SPQR)

(C:\Users\nayar\AppData\Local\Programs\MiKTeX\tex/latex/graphics\trig.sty
Package: trig 2023/12/02 v1.11 sin cos tan (DPC)
)
(C:\Users\nayar\AppData\Local\Programs\MiKTeX\tex/latex/graphics-cfg\graphics.c
fg
File: graphics.cfg 2016/06/04 v1.11 sample graphics configuration
)
Package graphics Info: Driver file: pdftex.def on input line 106.

(C:\Users\nayar\AppData\Local\Programs\MiKTeX\tex/latex/graphics-def\pdftex.def
File: pdftex.def 2025/09/29 v1.2d Graphics/color driver for pdftex
))
\Gin@req@height=\dimen167
\Gin@req@width=\dimen168
) (C:\Users\nayar\AppData\Local\Programs\MiKTeX\tex/latex/float\float.sty
Package: float 2001/11/08 v1.3d Float enhancements (AL)
\c@float@type=\count311
\float@exts=\toks23
\float@box=\box55
\@float@everytoks=\toks24
\@floatcapt=\box56
)
(C:\Users\nayar\AppData\Local\Programs\MiKTeX\tex/latex/newfloat\newfloat.sty
Package: newfloat 2023/10/01 v1.2 Defining new floating environments (AR)
Package newfloat Info: Unsupported document class, or \@chapter 
(newfloat)             was already redefined by another package.
Package newfloat Info: \@chapter = macro:->\def \Hy@next {\Hy@MakeCurrentHrefAu
to {\Hy@chapapp *}\Hy@raisedlink {\hyper@anchorstart {\@currentHref }\hyper@anc
horend }}\ifnum \c@secnumdepth >\m@ne \@ifundefined {if@mainmatter}\iftrue {\cs
name if@mainmatter\endcsname }\let \Hy@next \relax \fi \fi \Hy@next \Hy@org@cha
pter .
Package newfloat Info: \Hy@org@chapter = macro:[#1]#2->\NR@gettitle {#1}\NR@cha
pter [{#1}]{#2}.
Package newfloat Info: \algocf@original@chapter = undefined.
)
(C:\Users\nayar\AppData\Local\Programs\MiKTeX\tex/latex/amsfonts\amssymb.sty
Package: amssymb 2013/01/14 v3.01 AMS font symbols

(C:\Users\nayar\AppData\Local\Programs\MiKTeX\tex/latex/amsfonts\amsfonts.sty
Package: amsfonts 2013/01/14 v3.01 Basic AMSFonts support
\@emptytoks=\toks25
\symAMSa=\mathgroup4
\symAMSb=\mathgroup5
LaTeX Font Info:    Redeclaring math symbol \hbar on input line 98.
LaTeX Font Info:    Overwriting math alphabet `\mathfrak' in version `bold'
(Font)                  U/euf/m/n --> U/euf/b/n on input line 106.
)) (C:\Users\nayar\AppData\Local\Programs\MiKTeX\tex/latex/xcolor\xcolor.sty
Package: xcolor 2024/09/29 v3.02 LaTeX color extensions (UK)

(C:\Users\nayar\AppData\Local\Programs\MiKTeX\tex/latex/graphics-cfg\color.cfg
File: color.cfg 2016/01/02 v1.6 sample color configuration
)
Package xcolor Info: Driver file: pdftex.def on input line 274.
(C:\Users\nayar\AppData\Local\Programs\MiKTeX\tex/latex/graphics\mathcolor.ltx)
Package xcolor Info: Model `cmy' substituted by `cmy0' on input line 1349.
Package xcolor Info: Model `hsb' substituted by `rgb' on input line 1353.
Package xcolor Info: Model `RGB' extended on input line 1365.
Package xcolor Info: Model `HTML' substituted by `rgb' on input line 1367.
Package xcolor Info: Model `Hsb' substituted by `hsb' on input line 1368.
Package xcolor Info: Model `tHsb' substituted by `hsb' on input line 1369.
Package xcolor Info: Model `HSB' substituted by `hsb' on input line 1370.
Package xcolor Info: Model `Gray' substituted by `gray' on input line 1371.
Package xcolor Info: Model `wave' substituted by `hsb' on input line 1372.
)
(C:\Users\nayar\AppData\Local\Programs\MiKTeX\tex/latex/algorithm2e\algorithm2e
.sty
Package: algorithm2e 2017/07/18 v5.2 algorithms environments
\c@AlgoLine=\count312
\algocf@hangindent=\skip107

(C:\Users\nayar\AppData\Local\Programs\MiKTeX\tex/latex/ifoddpage\ifoddpage.sty
Package: ifoddpage 2022/10/18 v1.2 Conditionals for odd/even page detection
\c@checkoddpage=\count313
) (C:\Users\nayar\AppData\Local\Programs\MiKTeX\tex/latex/tools\xspace.sty
Package: xspace 2014/10/28 v1.13 Space after command names (DPC,MH)
)
\skiptotal=\skip108
\skiplinenumber=\skip109
\skiprule=\skip110
\skiphlne=\skip111
\skiptext=\skip112
\skiplength=\skip113
\algomargin=\skip114
\skipalgocfslide=\skip115
\algowidth=\dimen169
\inoutsize=\dimen170
\inoutindent=\dimen171
\interspacetitleruled=\dimen172
\interspacealgoruled=\dimen173
\interspacetitleboxruled=\dimen174
\algocf@ruledwidth=\skip116
\algocf@inoutbox=\box57
\algocf@inputbox=\box58
\AlCapSkip=\skip117
\AlCapHSkip=\skip118
\algoskipindent=\skip119
\algocf@nlbox=\box59
\algocf@hangingbox=\box60
\algocf@untilbox=\box61
\algocf@skipuntil=\skip120
\algocf@capbox=\box62
\algocf@lcaptionbox=\skip121
\algoheightruledefault=\skip122
\algoheightrule=\skip123
\algotitleheightruledefault=\skip124
\algotitleheightrule=\skip125
\c@algocfline=\count314
\c@algocfproc=\count315
\c@algocf=\count316
\algocf@algoframe=\box63
\algocf@algobox=\box64
)
(C:\Users\nayar\AppData\Local\Programs\MiKTeX\tex/latex/algorithms\algorithmic.
sty
Package: algorithmic 2009/08/24 v0.1 Document Style `algorithmic'
\c@ALC@unique=\count317
\c@ALC@line=\count318
\c@ALC@rem=\count319
\c@ALC@depth=\count320
\ALC@tlm=\skip126
\algorithmicindent=\skip127
)
(C:\Users\nayar\AppData\Local\Programs\MiKTeX\tex/latex/listings\listings.sty
\lst@mode=\count321
\lst@gtempboxa=\box65
\lst@token=\toks26
\lst@length=\count322
\lst@currlwidth=\dimen175
\lst@column=\count323
\lst@pos=\count324
\lst@lostspace=\dimen176
\lst@width=\dimen177
\lst@newlines=\count325
\lst@lineno=\count326
\lst@maxwidth=\dimen178

(C:\Users\nayar\AppData\Local\Programs\MiKTeX\tex/latex/listings\lstpatch.sty
File: lstpatch.sty 2025/11/14 1.11b (Carsten Heinz)
)
(C:\Users\nayar\AppData\Local\Programs\MiKTeX\tex/latex/listings\lstmisc.sty
File: lstmisc.sty 2025/11/14 1.11b (Carsten Heinz)
\c@lstnumber=\count327
\lst@skipnumbers=\count328
\lst@framebox=\box66
)
(C:\Users\nayar\AppData\Local\Programs\MiKTeX\tex/latex/listings\listings.cfg
File: listings.cfg 2025/11/14 1.11b listings configuration
))
Package: listings 2025/11/14 1.11b (Carsten Heinz)
==> First Aid for listings.sty no longer applied!
    Expected:
        2024/09/23 1.10c (Carsten Heinz)
    but found:
        2025/11/14 1.11b (Carsten Heinz)
    so I'm assuming it got fixed.
(C:\Users\nayar\AppData\Local\Programs\MiKTeX\tex/latex/leading\leading.sty
Package: leading 2008/12/11 v0.3 Define leading length
)
(C:\Users\nayar\AppData\Local\Programs\MiKTeX\tex/latex/geometry\geometry.sty
Package: geometry 2026/03/07 v6.0 Page Geometry

(C:\Users\nayar\AppData\Local\Programs\MiKTeX\tex/generic/iftex\ifvtex.sty
Package: ifvtex 2019/10/25 v1.7 ifvtex legacy package. Use iftex instead.
)
\Gm@cnth=\count329
\Gm@cntv=\count330
\c@Gm@tempcnt=\count331
\Gm@bindingoffset=\dimen179
\Gm@wd@mp=\dimen180
\Gm@odd@mp=\dimen181
\Gm@even@mp=\dimen182
\Gm@layoutwidth=\dimen183
\Gm@layoutheight=\dimen184
\Gm@layouthoffset=\dimen185
\Gm@layoutvoffset=\dimen186
\Gm@dimlist=\toks27

(C:\Users\nayar\AppData\Local\Programs\MiKTeX\tex/latex/geometry\geometry.cfg))
Package newfloat Info: New float `quadro' with options `fileext=quadro,name=Qua
dro,placement=htp,within=none' on input line 109.
\c@quadro=\count332
Package newfloat Info: float type `quadro'=4 on input line 109.
\c@quadrodepth=\count333
(C:\Users\nayar\AppData\Local\Programs\MiKTeX\tex/latex/enumitem\enumitem.sty
Package: enumitem 2025/02/06 v3.11 Customized lists
\labelindent=\skip128
\enit@outerparindent=\dimen187
\enit@toks=\toks28
\enit@inbox=\box67
\enit@count@id=\count334
\enitdp@description=\count335
)
(C:\Users\nayar\AppData\Local\Programs\MiKTeX\tex/latex/footmisc\footmisc.sty
Package: footmisc 2025/05/09 v7.0b a miscellany of footnote facilities
\FN@temptoken=\toks29
\footnotemargin=\dimen188
Package footmisc Info: Declaring symbol style bringhurst on input line 549.
Package footmisc Info: Declaring symbol style chicago on input line 557.
Package footmisc Info: Declaring symbol style wiley on input line 566.
Package footmisc Info: Declaring symbol style lamport-robust on input line 577.

Package footmisc Info: Declaring symbol style lamport* on input line 597.
Package footmisc Info: Declaring symbol style lamport*-robust on input line 618
.
)
\c@subsubsubsection=\count336
\c@subsubsubsubsection=\count337

(C:\Users\nayar\AppData\Local\Programs\MiKTeX\tex/latex/tools\indentfirst.sty
Package: indentfirst 2023/07/02 v1.03 Indent first paragraph (DPC)
)
(C:\Users\nayar\AppData\Local\Programs\MiKTeX\tex/latex/pgf/frontendlayer\tikz.
sty
(C:\Users\nayar\AppData\Local\Programs\MiKTeX\tex/latex/pgf/basiclayer\pgf.sty
(C:\Users\nayar\AppData\Local\Programs\MiKTeX\tex/latex/pgf/utilities\pgfrcs.st
y
(C:\Users\nayar\AppData\Local\Programs\MiKTeX\tex/generic/pgf/utilities\pgfutil
-common.tex
\pgfutil@everybye=\toks30
\pgfutil@tempdima=\dimen189
\pgfutil@tempdimb=\dimen190
)
(C:\Users\nayar\AppData\Local\Programs\MiKTeX\tex/generic/pgf/utilities\pgfutil
-latex.def
\pgfutil@abb=\box68
)
(C:\Users\nayar\AppData\Local\Programs\MiKTeX\tex/generic/pgf/utilities\pgfrcs.
code.tex
(C:\Users\nayar\AppData\Local\Programs\MiKTeX\tex/generic/pgf\pgf.revision.tex)
Package: pgfrcs 2025-08-29 v3.1.11a (3.1.11a)
))
Package: pgf 2025-08-29 v3.1.11a (3.1.11a)

(C:\Users\nayar\AppData\Local\Programs\MiKTeX\tex/latex/pgf/basiclayer\pgfcore.
sty
(C:\Users\nayar\AppData\Local\Programs\MiKTeX\tex/latex/pgf/systemlayer\pgfsys.
sty
(C:\Users\nayar\AppData\Local\Programs\MiKTeX\tex/generic/pgf/systemlayer\pgfsy
s.code.tex
Package: pgfsys 2025-08-29 v3.1.11a (3.1.11a)

(C:\Users\nayar\AppData\Local\Programs\MiKTeX\tex/generic/pgf/utilities\pgfkeys
.code.tex
\pgfkeys@pathtoks=\toks31
\pgfkeys@temptoks=\toks32

(C:\Users\nayar\AppData\Local\Programs\MiKTeX\tex/generic/pgf/utilities\pgfkeys
libraryfiltered.code.tex
\pgfkeys@tmptoks=\toks33
))
\pgf@x=\dimen191
\pgf@y=\dimen192
\pgf@xa=\dimen193
\pgf@ya=\dimen194
\pgf@xb=\dimen195
\pgf@yb=\dimen196
\pgf@xc=\dimen197
\pgf@yc=\dimen198
\pgf@xd=\dimen199
\pgf@yd=\dimen256
\w@pgf@writea=\write3
\r@pgf@reada=\read3
\c@pgf@counta=\count338
\c@pgf@countb=\count339
\c@pgf@countc=\count340
\c@pgf@countd=\count341
\t@pgf@toka=\toks34
\t@pgf@tokb=\toks35
\t@pgf@tokc=\toks36
\pgf@sys@id@count=\count342

(C:\Users\nayar\AppData\Local\Programs\MiKTeX\tex/generic/pgf/systemlayer\pgf.c
fg
File: pgf.cfg 2025-08-29 v3.1.11a (3.1.11a)
)
Driver file for pgf: pgfsys-pdftex.def

(C:\Users\nayar\AppData\Local\Programs\MiKTeX\tex/generic/pgf/systemlayer\pgfsy
s-pdftex.def
File: pgfsys-pdftex.def 2025-08-29 v3.1.11a (3.1.11a)

(C:\Users\nayar\AppData\Local\Programs\MiKTeX\tex/generic/pgf/systemlayer\pgfsy
s-common-pdf.def
File: pgfsys-common-pdf.def 2025-08-29 v3.1.11a (3.1.11a)
)))
(C:\Users\nayar\AppData\Local\Programs\MiKTeX\tex/generic/pgf/systemlayer\pgfsy
ssoftpath.code.tex
File: pgfsyssoftpath.code.tex 2025-08-29 v3.1.11a (3.1.11a)
\pgfsyssoftpath@smallbuffer@items=\count343
\pgfsyssoftpath@bigbuffer@items=\count344
)
(C:\Users\nayar\AppData\Local\Programs\MiKTeX\tex/generic/pgf/systemlayer\pgfsy
sprotocol.code.tex
File: pgfsysprotocol.code.tex 2025-08-29 v3.1.11a (3.1.11a)
))
(C:\Users\nayar\AppData\Local\Programs\MiKTeX\tex/generic/pgf/basiclayer\pgfcor
e.code.tex
Package: pgfcore 2025-08-29 v3.1.11a (3.1.11a)

(C:\Users\nayar\AppData\Local\Programs\MiKTeX\tex/generic/pgf/math\pgfmath.code
.tex
(C:\Users\nayar\AppData\Local\Programs\MiKTeX\tex/generic/pgf/math\pgfmathutil.
code.tex)
(C:\Users\nayar\AppData\Local\Programs\MiKTeX\tex/generic/pgf/math\pgfmathparse
r.code.tex
\pgfmath@dimen=\dimen257
\pgfmath@count=\count345
\pgfmath@box=\box69
\pgfmath@toks=\toks37
\pgfmath@stack@operand=\toks38
\pgfmath@stack@operation=\toks39
)
(C:\Users\nayar\AppData\Local\Programs\MiKTeX\tex/generic/pgf/math\pgfmathfunct
ions.code.tex)
(C:\Users\nayar\AppData\Local\Programs\MiKTeX\tex/generic/pgf/math\pgfmathfunct
ions.basic.code.tex)
(C:\Users\nayar\AppData\Local\Programs\MiKTeX\tex/generic/pgf/math\pgfmathfunct
ions.trigonometric.code.tex)
(C:\Users\nayar\AppData\Local\Programs\MiKTeX\tex/generic/pgf/math\pgfmathfunct
ions.random.code.tex)
(C:\Users\nayar\AppData\Local\Programs\MiKTeX\tex/generic/pgf/math\pgfmathfunct
ions.comparison.code.tex)
(C:\Users\nayar\AppData\Local\Programs\MiKTeX\tex/generic/pgf/math\pgfmathfunct
ions.base.code.tex)
(C:\Users\nayar\AppData\Local\Programs\MiKTeX\tex/generic/pgf/math\pgfmathfunct
ions.round.code.tex)
(C:\Users\nayar\AppData\Local\Programs\MiKTeX\tex/generic/pgf/math\pgfmathfunct
ions.misc.code.tex)
(C:\Users\nayar\AppData\Local\Programs\MiKTeX\tex/generic/pgf/math\pgfmathfunct
ions.integerarithmetics.code.tex)
(C:\Users\nayar\AppData\Local\Programs\MiKTeX\tex/generic/pgf/math\pgfmathcalc.
code.tex)
(C:\Users\nayar\AppData\Local\Programs\MiKTeX\tex/generic/pgf/math\pgfmathfloat
.code.tex
\c@pgfmathroundto@lastzeros=\count346
))
(C:\Users\nayar\AppData\Local\Programs\MiKTeX\tex/generic/pgf/math\pgfint.code.
tex)
(C:\Users\nayar\AppData\Local\Programs\MiKTeX\tex/generic/pgf/basiclayer\pgfcor
epoints.code.tex
File: pgfcorepoints.code.tex 2025-08-29 v3.1.11a (3.1.11a)
\pgf@picminx=\dimen258
\pgf@picmaxx=\dimen259
\pgf@picminy=\dimen260
\pgf@picmaxy=\dimen261
\pgf@pathminx=\dimen262
\pgf@pathmaxx=\dimen263
\pgf@pathminy=\dimen264
\pgf@pathmaxy=\dimen265
\pgf@xx=\dimen266
\pgf@xy=\dimen267
\pgf@yx=\dimen268
\pgf@yy=\dimen269
\pgf@zx=\dimen270
\pgf@zy=\dimen271
)
(C:\Users\nayar\AppData\Local\Programs\MiKTeX\tex/generic/pgf/basiclayer\pgfcor
epathconstruct.code.tex
File: pgfcorepathconstruct.code.tex 2025-08-29 v3.1.11a (3.1.11a)
\pgf@path@lastx=\dimen272
\pgf@path@lasty=\dimen273
)
(C:\Users\nayar\AppData\Local\Programs\MiKTeX\tex/generic/pgf/basiclayer\pgfcor
epathusage.code.tex
File: pgfcorepathusage.code.tex 2025-08-29 v3.1.11a (3.1.11a)
\pgf@shorten@end@additional=\dimen274
\pgf@shorten@start@additional=\dimen275
)
(C:\Users\nayar\AppData\Local\Programs\MiKTeX\tex/generic/pgf/basiclayer\pgfcor
escopes.code.tex
File: pgfcorescopes.code.tex 2025-08-29 v3.1.11a (3.1.11a)
\pgfpic=\box70
\pgf@hbox=\box71
\pgf@layerbox@main=\box72
\pgf@picture@serial@count=\count347
)
(C:\Users\nayar\AppData\Local\Programs\MiKTeX\tex/generic/pgf/basiclayer\pgfcor
egraphicstate.code.tex
File: pgfcoregraphicstate.code.tex 2025-08-29 v3.1.11a (3.1.11a)
\pgflinewidth=\dimen276
)
(C:\Users\nayar\AppData\Local\Programs\MiKTeX\tex/generic/pgf/basiclayer\pgfcor
etransformations.code.tex
File: pgfcoretransformations.code.tex 2025-08-29 v3.1.11a (3.1.11a)
\pgf@pt@x=\dimen277
\pgf@pt@y=\dimen278
\pgf@pt@temp=\dimen279
)
(C:\Users\nayar\AppData\Local\Programs\MiKTeX\tex/generic/pgf/basiclayer\pgfcor
equick.code.tex
File: pgfcorequick.code.tex 2025-08-29 v3.1.11a (3.1.11a)
)
(C:\Users\nayar\AppData\Local\Programs\MiKTeX\tex/generic/pgf/basiclayer\pgfcor
eobjects.code.tex
File: pgfcoreobjects.code.tex 2025-08-29 v3.1.11a (3.1.11a)
)
(C:\Users\nayar\AppData\Local\Programs\MiKTeX\tex/generic/pgf/basiclayer\pgfcor
epathprocessing.code.tex
File: pgfcorepathprocessing.code.tex 2025-08-29 v3.1.11a (3.1.11a)
)
(C:\Users\nayar\AppData\Local\Programs\MiKTeX\tex/generic/pgf/basiclayer\pgfcor
earrows.code.tex
File: pgfcorearrows.code.tex 2025-08-29 v3.1.11a (3.1.11a)
\pgfarrowsep=\dimen280
)
(C:\Users\nayar\AppData\Local\Programs\MiKTeX\tex/generic/pgf/basiclayer\pgfcor
eshade.code.tex
File: pgfcoreshade.code.tex 2025-08-29 v3.1.11a (3.1.11a)
\pgf@max=\dimen281
\pgf@sys@shading@range@num=\count348
\pgf@shadingcount=\count349
)
(C:\Users\nayar\AppData\Local\Programs\MiKTeX\tex/generic/pgf/basiclayer\pgfcor
eimage.code.tex
File: pgfcoreimage.code.tex 2025-08-29 v3.1.11a (3.1.11a)
)
(C:\Users\nayar\AppData\Local\Programs\MiKTeX\tex/generic/pgf/basiclayer\pgfcor
eexternal.code.tex
File: pgfcoreexternal.code.tex 2025-08-29 v3.1.11a (3.1.11a)
\pgfexternal@startupbox=\box73
)
(C:\Users\nayar\AppData\Local\Programs\MiKTeX\tex/generic/pgf/basiclayer\pgfcor
elayers.code.tex
File: pgfcorelayers.code.tex 2025-08-29 v3.1.11a (3.1.11a)
)
(C:\Users\nayar\AppData\Local\Programs\MiKTeX\tex/generic/pgf/basiclayer\pgfcor
etransparency.code.tex
File: pgfcoretransparency.code.tex 2025-08-29 v3.1.11a (3.1.11a)
)
(C:\Users\nayar\AppData\Local\Programs\MiKTeX\tex/generic/pgf/basiclayer\pgfcor
epatterns.code.tex
File: pgfcorepatterns.code.tex 2025-08-29 v3.1.11a (3.1.11a)
)
(C:\Users\nayar\AppData\Local\Programs\MiKTeX\tex/generic/pgf/basiclayer\pgfcor
erdf.code.tex
File: pgfcorerdf.code.tex 2025-08-29 v3.1.11a (3.1.11a)
)))
(C:\Users\nayar\AppData\Local\Programs\MiKTeX\tex/generic/pgf/modules\pgfmodule
shapes.code.tex
File: pgfmoduleshapes.code.tex 2025-08-29 v3.1.11a (3.1.11a)
\pgfnodeparttextbox=\box74
)
(C:\Users\nayar\AppData\Local\Programs\MiKTeX\tex/generic/pgf/modules\pgfmodule
plot.code.tex
File: pgfmoduleplot.code.tex 2025-08-29 v3.1.11a (3.1.11a)
)
(C:\Users\nayar\AppData\Local\Programs\MiKTeX\tex/latex/pgf/compatibility\pgfco
mp-version-0-65.sty
Package: pgfcomp-version-0-65 2025-08-29 v3.1.11a (3.1.11a)
\pgf@nodesepstart=\dimen282
\pgf@nodesepend=\dimen283
)
(C:\Users\nayar\AppData\Local\Programs\MiKTeX\tex/latex/pgf/compatibility\pgfco
mp-version-1-18.sty
Package: pgfcomp-version-1-18 2025-08-29 v3.1.11a (3.1.11a)
))
(C:\Users\nayar\AppData\Local\Programs\MiKTeX\tex/latex/pgf/utilities\pgffor.st
y
(C:\Users\nayar\AppData\Local\Programs\MiKTeX\tex/latex/pgf/utilities\pgfkeys.s
ty
(C:\Users\nayar\AppData\Local\Programs\MiKTeX\tex/generic/pgf/utilities\pgfkeys
.code.tex))
(C:\Users\nayar\AppData\Local\Programs\MiKTeX\tex/latex/pgf/math\pgfmath.sty
(C:\Users\nayar\AppData\Local\Programs\MiKTeX\tex/generic/pgf/math\pgfmath.code
.tex))
(C:\Users\nayar\AppData\Local\Programs\MiKTeX\tex/generic/pgf/utilities\pgffor.
code.tex
Package: pgffor 2025-08-29 v3.1.11a (3.1.11a)
\pgffor@iter=\dimen284
\pgffor@skip=\dimen285
\pgffor@stack=\toks40
\pgffor@toks=\toks41
))
(C:\Users\nayar\AppData\Local\Programs\MiKTeX\tex/generic/pgf/frontendlayer/tik
z\tikz.code.tex
Package: tikz 2025-08-29 v3.1.11a (3.1.11a)

(C:\Users\nayar\AppData\Local\Programs\MiKTeX\tex/generic/pgf/libraries\pgflibr
aryplothandlers.code.tex
File: pgflibraryplothandlers.code.tex 2025-08-29 v3.1.11a (3.1.11a)
\pgf@plot@mark@count=\count350
\pgfplotmarksize=\dimen286
)
\tikz@lastx=\dimen287
\tikz@lasty=\dimen288
\tikz@lastxsaved=\dimen289
\tikz@lastysaved=\dimen290
\tikz@lastmovetox=\dimen291
\tikz@lastmovetoy=\dimen292
\tikzleveldistance=\dimen293
\tikzsiblingdistance=\dimen294
\tikz@figbox=\box75
\tikz@figbox@bg=\box76
\tikz@tempbox=\box77
\tikz@tempbox@bg=\box78
\tikztreelevel=\count351
\tikznumberofchildren=\count352
\tikznumberofcurrentchild=\count353
\tikz@fig@count=\count354

(C:\Users\nayar\AppData\Local\Programs\MiKTeX\tex/generic/pgf/modules\pgfmodule
matrix.code.tex
File: pgfmodulematrix.code.tex 2025-08-29 v3.1.11a (3.1.11a)
\pgfmatrixcurrentrow=\count355
\pgfmatrixcurrentcolumn=\count356
\pgf@matrix@numberofcolumns=\count357
)
\tikz@expandcount=\count358

(C:\Users\nayar\AppData\Local\Programs\MiKTeX\tex/generic/pgf/frontendlayer/tik
z/libraries\tikzlibrarytopaths.code.tex
File: tikzlibrarytopaths.code.tex 2025-08-29 v3.1.11a (3.1.11a)
))))
(C:\Users\nayar\AppData\Local\Programs\MiKTeX\tex/latex/tools\longtable.sty
Package: longtable 2025-10-13 v4.24 Multi-page Table package (DPC)
\LTleft=\skip129
\LTright=\skip130
\LTpre=\skip131
\LTpost=\skip132
\LTchunksize=\count359
\LTcapwidth=\dimen295
\LT@head=\box79
\LT@firsthead=\box80
\LT@foot=\box81
\LT@lastfoot=\box82
\LT@gbox=\box83
\LT@cols=\count360
\LT@rows=\count361
\c@LT@tables=\count362
\c@LT@chunks=\count363
\LT@p@ftn=\toks42
)
(C:\Users\nayar\AppData\Local\Programs\MiKTeX\tex/latex/ragged2e\ragged2e.sty
Package: ragged2e 2023/06/22 v3.6 ragged2e Package
\CenteringLeftskip=\skip133
\RaggedLeftLeftskip=\skip134
\RaggedRightLeftskip=\skip135
\CenteringRightskip=\skip136
\RaggedLeftRightskip=\skip137
\RaggedRightRightskip=\skip138
\CenteringParfillskip=\skip139
\RaggedLeftParfillskip=\skip140
\RaggedRightParfillskip=\skip141
\JustifyingParfillskip=\skip142
\CenteringParindent=\skip143
\RaggedLeftParindent=\skip144
\RaggedRightParindent=\skip145
\JustifyingParindent=\skip146
)
(C:\Users\nayar\AppData\Local\Programs\MiKTeX\tex/latex/adjustbox\adjustbox.sty
Package: adjustbox 2025/02/26 v1.3c Adjusting TeX boxes (trim, clip, ...)
(C:\Users\nayar\AppData\Local\Programs\MiKTeX\tex/latex/xkeyval\xkeyval.sty
Package: xkeyval 2022/06/16 v2.9 package option processing (HA)

(C:\Users\nayar\AppData\Local\Programs\MiKTeX\tex/generic/xkeyval\xkeyval.tex
(C:\Users\nayar\AppData\Local\Programs\MiKTeX\tex/generic/xkeyval\xkvutils.tex
\XKV@toks=\toks43
\XKV@tempa@toks=\toks44
)
\XKV@depth=\count364
File: xkeyval.tex 2014/12/03 v2.7a key=value parser (HA)
))
(C:\Users\nayar\AppData\Local\Programs\MiKTeX\tex/latex/adjustbox\adjcalc.sty
Package: adjcalc 2012/05/16 v1.1 Provides advanced setlength with multiple back
-ends (calc, etex, pgfmath)
)
(C:\Users\nayar\AppData\Local\Programs\MiKTeX\tex/latex/adjustbox\trimclip.sty
Package: trimclip 2025/02/21 v1.2a Trim and clip general TeX material

(C:\Users\nayar\AppData\Local\Programs\MiKTeX\tex/latex/collectbox\collectbox.s
ty
Package: collectbox 2022/10/17 v0.4c Collect macro arguments as boxes
\collectedbox=\box84
)
\tc@llx=\dimen296
\tc@lly=\dimen297
\tc@urx=\dimen298
\tc@ury=\dimen299
Package trimclip Info: Using driver 'tc-pdftex.def'.

(C:\Users\nayar\AppData\Local\Programs\MiKTeX\tex/latex/adjustbox\tc-pdftex.def
File: tc-pdftex.def 2025/02/26 v2.3 Clipping driver for pdftex
))
\adjbox@Width=\dimen300
\adjbox@Height=\dimen301
\adjbox@Depth=\dimen302
\adjbox@Totalheight=\dimen303
\adjbox@pwidth=\dimen304
\adjbox@pheight=\dimen305
\adjbox@pdepth=\dimen306
\adjbox@ptotalheight=\dimen307

(C:\Users\nayar\AppData\Local\Programs\MiKTeX\tex/latex/varwidth\varwidth.sty
Package: varwidth 2009/03/30 ver 0.92;  Variable-width minipages
\@vwid@box=\box85
\sift@deathcycles=\count365
\@vwid@loff=\dimen308
\@vwid@roff=\dimen309
)
==> First Aid for varwidth.sty applied!
) (C:\Users\nayar\AppData\Local\Programs\MiKTeX\tex/latex/tools\verbatim.sty
Package: verbatim 2024-01-22 v1.5x LaTeX2e package for verbatim enhancements
\every@verbatim=\toks45
\verbatim@line=\toks46
\verbatim@in@stream=\read4
)
(F:\GIT\Area de Trabalho\TI\Overleaf\build\principal.aux
Package babel Info: 'brazilian' activates 'portuges' shorthands.
(babel)             Reported on input line 17.
)
\openout1 = `principal.aux'.

LaTeX Font Info:    Checking defaults for OML/cmm/m/it on input line 22.
LaTeX Font Info:    ... okay on input line 22.
LaTeX Font Info:    Checking defaults for OMS/cmsy/m/n on input line 22.
LaTeX Font Info:    ... okay on input line 22.
LaTeX Font Info:    Checking defaults for OT1/cmr/m/n on input line 22.
LaTeX Font Info:    ... okay on input line 22.
LaTeX Font Info:    Checking defaults for T1/cmr/m/n on input line 22.
LaTeX Font Info:    ... okay on input line 22.
LaTeX Font Info:    Checking defaults for TS1/cmr/m/n on input line 22.
LaTeX Font Info:    ... okay on input line 22.
LaTeX Font Info:    Checking defaults for OMX/cmex/m/n on input line 22.
LaTeX Font Info:    ... okay on input line 22.
LaTeX Font Info:    Checking defaults for U/cmr/m/n on input line 22.
LaTeX Font Info:    ... okay on input line 22.
LaTeX Font Info:    Checking defaults for PD1/pdf/m/n on input line 22.
LaTeX Font Info:    ... okay on input line 22.
LaTeX Font Info:    Checking defaults for PU/pdf/m/n on input line 22.
LaTeX Font Info:    ... okay on input line 22.
Package caption Info: Begin \AtBeginDocument code.
Package caption Info: float package is loaded.
Package caption Info: hyperref package is loaded.
Package caption Info: listings package is loaded.
Package caption Info: longtable package is loaded.

(C:\Users\nayar\AppData\Local\Programs\MiKTeX\tex/latex/caption\ltcaption.sty
Package: ltcaption 2021/01/08 v1.4c longtable captions (AR)
)
Package caption Info: End \AtBeginDocument code.
Package hyperref Info: Link coloring ON on input line 22.

(F:\GIT\Area de Trabalho\TI\Overleaf\build\principal.out)
(F:\GIT\Area de Trabalho\TI\Overleaf\build\principal.out)
\@outlinefile=\write4
\openout4 = `principal.out'.


(C:\Users\nayar\AppData\Local\Programs\MiKTeX\tex/context/base/mkii\supp-pdf.mk
ii
[Loading MPS to PDF converter (version 2006.09.02).]
\scratchcounter=\count366
\scratchdimen=\dimen310
\scratchbox=\box86
\nofMPsegments=\count367
\nofMParguments=\count368
\everyMPshowfont=\toks47
\MPscratchCnt=\count369
\MPscratchDim=\dimen311
\MPnumerator=\count370
\makeMPintoPDFobject=\count371
\everyMPtoPDFconversion=\toks48
)
(C:\Users\nayar\AppData\Local\Programs\MiKTeX\tex/latex/epstopdf-pkg\epstopdf-b
ase.sty
Package: epstopdf-base 2020-01-24 v2.11 Base part for package epstopdf
Package epstopdf-base Info: Redefining graphics rule for `.eps' on input line 4
85.

(C:\Users\nayar\AppData\Local\Programs\MiKTeX\tex/latex/00miktex\epstopdf-sys.c
fg
File: epstopdf-sys.cfg 2021/03/18 v2.0 Configuration of epstopdf for MiKTeX
))
Package newfloat Info: Trying Plan B...
Package newfloat Info: `float' package detected.
\c@lstlisting=\count372

*geometry* driver: auto-detecting
*geometry* detected driver: pdftex
*geometry* verbose mode - [ preamble ] result:
* driver: pdftex
* paper: a4paper
* layout: <same size as paper>
* layoutoffset:(h,v)=(0.0pt,0.0pt)
* modes: 
* h-part:(L,W,R)=(85.35826pt, 455.24411pt, 56.9055pt)
* v-part:(T,H,B)=(85.35826pt, 702.78308pt, 56.9055pt)
* \paperwidth=597.50787pt
* \paperheight=845.04684pt
* \textwidth=455.24411pt
* \textheight=702.78308pt
* \oddsidemargin=13.08827pt
* \evensidemargin=13.08827pt
* \topmargin=-23.91173pt
* \headheight=12.0pt
* \headsep=25.0pt
* \topskip=12.0pt
* \footskip=30.0pt
* \marginparwidth=35.0pt
* \marginparsep=10.0pt
* \columnsep=10.0pt
* \skip\footins=10.8pt plus 4.0pt minus 2.0pt
* \hoffset=0.0pt
* \voffset=0.0pt
* \mag=1000
* \@twocolumnfalse
* \@twosidefalse
* \@mparswitchfalse
* \@reversemarginfalse
* (1in=72.27pt=25.4mm, 1cm=28.453pt)

Package hyperref Info: Option `pageanchor' set `false' on input line 24.
<figuras/brasao.jpg, id=342, 225.84375pt x 224.84pt>
File: figuras/brasao.jpg Graphic file (type jpg)
<use figuras/brasao.jpg>
Package pdftex.def Info: figuras/brasao.jpg  used on input line 28.
(pdftex.def)             Requested size: 62.87396pt x 62.59596pt.
[1

{C:/Users/nayar/AppData/Local/MiKTeX/fonts/map/pdftex/pdftex.map}{C:/Users/naya
r/AppData/Local/Programs/MiKTeX/fonts/enc/dvips/base/8r.enc} <./figuras/brasao.
jpg>]
LaTeX Font Info:    Trying to load font information for U+msa on input line 70.


(C:\Users\nayar\AppData\Local\Programs\MiKTeX\tex/latex/amsfonts\umsa.fd
File: umsa.fd 2013/01/14 v3.01 AMS symbols A
)
LaTeX Font Info:    Trying to load font information for U+msb on input line 70.


(C:\Users\nayar\AppData\Local\Programs\MiKTeX\tex/latex/amsfonts\umsb.fd
File: umsb.fd 2013/01/14 v3.01 AMS symbols B
)
[1] [1] [2

] (F:\GIT\Area de Trabalho\TI\Overleaf\build\principal.toc [3

]
[4])
\tf@toc=\write5
\openout5 = `principal.toc'.

 [5]
Package hyperref Info: Option `pageanchor' set `true' on input line 103.
 (conteudo.tex
LaTeX Font Info:    Trying to load font information for TS1+ptm on input line 1
9.

(C:\Users\nayar\AppData\Local\Programs\MiKTeX\tex/latex/psnfss\ts1ptm.fd
File: ts1ptm.fd 2001/06/04 font definitions for TS1/ptm.
)
[6

] [7] [8] [9

] [10] [11] [12] [13] [14

] [15]
Underfull \hbox (badness 2237) in paragraph at lines 198--198
[]|\T1/ptm/m/n/12 Quantidade de ve-zes em
 []


Underfull \hbox (badness 10000) in paragraph at lines 201--201
[]|\T1/ptm/m/n/12 Ação de-se-jada re-a-li-zada
 []


Underfull \hbox (badness 3536) in paragraph at lines 201--201
[]|\T1/ptm/m/n/12 Verificar se a cam-pa-nha
 []


Underfull \hbox (badness 1478) in paragraph at lines 202--202
[]|\T1/ptm/m/n/12 Custo mé-dio por con-ver-
 []


Underfull \hbox (badness 2913) in paragraph at lines 203--203
[]|\T1/ptm/m/n/12 Receita atri-bu-ída em re-
 []

[16] [17] [18]
Overfull \hbox (4.45186pt too wide) in paragraph at lines 248--249
\T1/ptm/m/it/12 Mo-del for Op-ti-mal Bud-get Mix of Di-gi-tal Mar-ke-ting Cam-p
aigns\T1/ptm/m/n/12 . 2024. DOI: [][]10.1109/NI-
 []

[19]
Overfull \hbox (29.64801pt too wide) in paragraph at lines 268--269
\T1/ptm/m/n/12 cesso e LGPD/ANPD para pro-te-ção de da-dos (PE-O-PLE-CERT, 2023
; AXE-LOS, 2020; ISO/IEC/IEEE,
 []

LaTeX Font Info:    Trying to load font information for T1+pcr on input line 27
2.
(C:\Users\nayar\AppData\Local\Programs\MiKTeX\tex/latex/psnfss\t1pcr.fd
File: t1pcr.fd 2001/06/04 font definitions for T1/pcr.
)
[20

]
Overfull \hbox (17.49104pt too wide) in paragraph at lines 292--293
\T1/ptm/m/n/12 em [Ta-bela - ar-ti-gos descartados.md](../../Referencias/Tabela
%20-%20artigos%20descartados.md). 
 []

[21] [22]
Underfull \hbox (badness 10000) in paragraph at lines 330--330
[]|\T1/ptm/m/n/12 Ticket re-cebe
 []


Underfull \hbox (badness 10000) in paragraph at lines 330--330
\T1/ptm/m/n/12 iden-ti-fi-ca-dor,
 []


Underfull \hbox (badness 10000) in paragraph at lines 330--330
\T1/ptm/m/n/12 sta-tus ini-cial,
 []


Underfull \hbox (badness 4096) in paragraph at lines 330--330
\T1/ptm/m/n/12 ur-gên-cia in-for-
 []


Underfull \hbox (badness 5175) in paragraph at lines 330--330
\T1/ptm/m/n/12 mada e prazo
 []


Underfull \hbox (badness 3068) in paragraph at lines 331--331
[]|\T1/ptm/m/n/12 RF-07, RF-09,
 []


Underfull \hbox (badness 10000) in paragraph at lines 331--331
[]|\T1/ptm/m/n/12 Atendimento
 []


Underfull \hbox (badness 10000) in paragraph at lines 331--331
\T1/ptm/m/n/12 clas-si-fica e
 []


Underfull \hbox (badness 10000) in paragraph at lines 331--331
[]|\T1/ptm/m/n/12 Prioridade
 []


Underfull \hbox (badness 10000) in paragraph at lines 331--331
\T1/ptm/m/n/12 ofi-cial, pra-zos
 []


Underfull \hbox (badness 2469) in paragraph at lines 331--331
\T1/ptm/m/n/12 pon-sá-vel fi-cam
 []


Underfull \hbox (badness 10000) in paragraph at lines 331--331
\T1/ptm/m/n/12 re-gis-tra-dos;
 []


Underfull \hbox (badness 10000) in paragraph at lines 331--331
\T1/ptm/m/n/12 con-fir-ma-ção
 []


Underfull \hbox (badness 10000) in paragraph at lines 331--331
\T1/ptm/m/n/12 au-to-má-tica
 []


Underfull \hbox (badness 10000) in paragraph at lines 331--331
\T1/ptm/m/n/12 não conta
 []


Underfull \hbox (badness 6047) in paragraph at lines 331--331
\T1/ptm/m/n/12 como pri-meira
 []


Underfull \hbox (badness 3068) in paragraph at lines 332--332
[]|\T1/ptm/m/n/12 RF-08, RF-09,
 []


Underfull \hbox (badness 2245) in paragraph at lines 332--332
[]|\T1/ptm/m/n/12 Gestor atu-a-liza
 []


Underfull \hbox (badness 3158) in paragraph at lines 332--332
\T1/ptm/m/n/12 sta-tus e in-clui
 []


Underfull \hbox (badness 10000) in paragraph at lines 332--332
[]|\T1/ptm/m/n/12 Histórico re-
 []


Underfull \hbox (badness 10000) in paragraph at lines 332--332
\T1/ptm/m/n/12 gis-tra usu-á-rio,
 []


Underfull \hbox (badness 10000) in paragraph at lines 332--332
\T1/ptm/m/n/12 data/hora e
 []


Underfull \hbox (badness 4266) in paragraph at lines 333--333
[]|\T1/ptm/m/n/12 Ticket aguarda
 []


Underfull \hbox (badness 10000) in paragraph at lines 333--333
\T1/ptm/m/n/12 apro-va-ção do
 []


Underfull \hbox (badness 3068) in paragraph at lines 334--334
[]|\T1/ptm/m/n/12 RF-11, RF-12,
 []


Underfull \hbox (badness 10000) in paragraph at lines 334--334
[]|\T1/ptm/m/n/12 Responsável
 []


Underfull \hbox (badness 10000) in paragraph at lines 334--334
\T1/ptm/m/n/12 en-ca-mi-nha a
 []


Underfull \hbox (badness 10000) in paragraph at lines 334--334
\T1/ptm/m/n/12 en-trega para
 []


Underfull \hbox (badness 6364) in paragraph at lines 334--334
\T1/ptm/m/n/12 va-li-da-ção e o
 []


Underfull \hbox (badness 7907) in paragraph at lines 334--334
\T1/ptm/m/n/12 cli-ente so-li-cita
 []


Underfull \hbox (badness 10000) in paragraph at lines 334--334
[]|\T1/ptm/m/n/12 O tic-ket fica
 []


Underfull \hbox (badness 10000) in paragraph at lines 334--334
\T1/ptm/m/n/12 ^^PEm va-li-da-
 []


Underfull \hbox (badness 10000) in paragraph at lines 334--334
\T1/ptm/m/n/12 com jus-ti-fi-ca-
 []


Underfull \hbox (badness 1231) in paragraph at lines 334--334
\T1/ptm/m/n/12 tiva e pre-serva
 []


Underfull \hbox (badness 3068) in paragraph at lines 335--335
[]|\T1/ptm/m/n/12 RF-14, RF-16,
 []


Underfull \hbox (badness 10000) in paragraph at lines 335--335
[]|\T1/ptm/m/n/12 Usuário fil-
 []


Underfull \hbox (badness 10000) in paragraph at lines 335--335
\T1/ptm/m/n/12 tra de-man-das
 []


Underfull \hbox (badness 10000) in paragraph at lines 335--335
[]|\T1/ptm/m/n/12 A lis-ta-gem
 []


Underfull \hbox (badness 10000) in paragraph at lines 335--335
\T1/ptm/m/n/12 re-torna ape-
 []


Underfull \hbox (badness 10000) in paragraph at lines 335--335
\T1/ptm/m/n/12 nas tic-kets
 []


Underfull \hbox (badness 10000) in paragraph at lines 335--335
\T1/ptm/m/n/12 com prazo
 []


Underfull \hbox (badness 10000) in paragraph at lines 336--336
\T1/ptm/m/n/12 co-lo-cado em
 []


Underfull \hbox (badness 10000) in paragraph at lines 336--336
\T1/ptm/m/n/12 aguardo ou
 []


Underfull \hbox (badness 10000) in paragraph at lines 336--336
[]|\T1/ptm/m/n/12 Os en-vol-vi-
 []


Underfull \hbox (badness 10000) in paragraph at lines 336--336
\T1/ptm/m/n/12 dos re-ce-bem
 []


Underfull \hbox (badness 10000) in paragraph at lines 336--336
\T1/ptm/m/n/12 a no-ti-fi-ca-ção
 []


Underfull \hbox (badness 10000) in paragraph at lines 336--336
\T1/ptm/m/n/12 con-fi-gu-rada
 []


Underfull \hbox (badness 1132) in paragraph at lines 337--337
[]|\T1/ptm/m/n/12 RF-02, RN-09,
 []


Underfull \hbox (badness 10000) in paragraph at lines 337--337
[]|\T1/ptm/m/n/12 Cliente tenta
 []


Underfull \hbox (badness 10000) in paragraph at lines 337--337
\T1/ptm/m/n/12 con-sul-tar tic-
 []


Underfull \hbox (badness 10000) in paragraph at lines 337--337
\T1/ptm/m/n/12 ket de ou-tra
 []


Underfull \hbox (badness 10000) in paragraph at lines 338--338
[]|\T1/ptm/m/n/12 Administrador
 []


Underfull \hbox (badness 10000) in paragraph at lines 338--338
\T1/ptm/m/n/12 exe-cuta res-
 []


Underfull \hbox (badness 10000) in paragraph at lines 338--338
\T1/ptm/m/n/12 tau-ra-ção em
 []


Underfull \hbox (badness 10000) in paragraph at lines 338--338
\T1/ptm/m/n/12 am-bi-ente de
 []


Underfull \hbox (badness 4429) in paragraph at lines 338--338
\T1/ptm/m/n/12 do ce-ná-rio de
 []


Underfull \hbox (badness 1436) in paragraph at lines 338--338
\T1/ptm/m/n/12 teste são re-cu-
 []


Underfull \hbox (badness 10000) in paragraph at lines 339--339
[]|\T1/ptm/m/n/12 Usuário abre
 []


Underfull \hbox (badness 6995) in paragraph at lines 339--339
\T1/ptm/m/n/12 e lista tic-kets
 []


Underfull \hbox (badness 10000) in paragraph at lines 339--339
\T1/ptm/m/n/12 em base de
 []


Underfull \hbox (badness 1122) in paragraph at lines 339--339
\T1/ptm/m/n/12 teste com pelo
 []


Underfull \hbox (badness 10000) in paragraph at lines 339--339
\T1/ptm/m/n/12 me-nos 100
 []


Underfull \hbox (badness 10000) in paragraph at lines 339--339
[]|\T1/ptm/m/n/12 Pelo me-nos
 []


Underfull \hbox (badness 4505) in paragraph at lines 339--339
\T1/ptm/m/n/12 ções con-cluem
 []


Underfull \hbox (badness 4872) in paragraph at lines 339--339
\T1/ptm/m/n/12 em até 2 se-
 []


Underfull \hbox (badness 10000) in paragraph at lines 339--339
\T1/ptm/m/n/12 gun-dos, sem
 []


Underfull \hbox (badness 1661) in paragraph at lines 339--339
\T1/ptm/m/n/12 ta-ções ex-ter-nas
 []


Underfull \hbox (badness 1132) in paragraph at lines 340--340
[]|\T1/ptm/m/n/12 RF-22, RN-05,
 []


Underfull \hbox (badness 10000) in paragraph at lines 340--340
[]|\T1/ptm/m/n/12 Administrador
 []


Underfull \hbox (badness 10000) in paragraph at lines 340--340
\T1/ptm/m/n/12 con-fi-gura
 []


Underfull \hbox (badness 10000) in paragraph at lines 340--340
\T1/ptm/m/n/12 um tipo de
 []


Underfull \hbox (badness 1383) in paragraph at lines 340--340
\T1/ptm/m/n/12 tó-rios, ne-ces-si-
 []


Underfull \hbox (badness 2662) in paragraph at lines 340--340
\T1/ptm/m/n/12 ção e ne-ces-si-
 []


Underfull \hbox (badness 1436) in paragraph at lines 340--340
\T1/ptm/m/n/12 cia são apli-ca-
 []


Underfull \hbox (badness 10000) in paragraph at lines 341--341
[]|\T1/ptm/m/n/12 Administrador
 []


Underfull \hbox (badness 10000) in paragraph at lines 341--341
\T1/ptm/m/n/12 con-fi-gura o
 []


Underfull \hbox (badness 10000) in paragraph at lines 341--341
[]|\T1/ptm/m/n/12 Horário,
 []


Underfull \hbox (badness 10000) in paragraph at lines 341--341
\T1/ptm/m/n/12 fuso, fe-ri-a-
 []


Underfull \hbox (badness 10000) in paragraph at lines 341--341
\T1/ptm/m/n/12 dos/recessos e
 []


Underfull \hbox (badness 1661) in paragraph at lines 341--341
\T1/ptm/m/n/12 prazo apli-cá-vel
 []


Underfull \hbox (badness 3838) in paragraph at lines 341--341
\T1/ptm/m/n/12 por pri-o-ri-dade,
 []


Underfull \hbox (badness 1424) in paragraph at lines 341--341
\T1/ptm/m/n/12 cli-ente ou tipo
 []


Underfull \hbox (badness 10000) in paragraph at lines 341--341
\T1/ptm/m/n/12 de de-manda
 []


Underfull \hbox (badness 10000) in paragraph at lines 341--341
\T1/ptm/m/n/12 são usa-dos
 []


Underfull \hbox (badness 4416) in paragraph at lines 341--341
\T1/ptm/m/n/12 no cál-culo do
 []


Underfull \hbox (badness 1478) in paragraph at lines 342--342
[]|\T1/ptm/m/n/12 Usuário re-a-liza
 []


Underfull \hbox (badness 10000) in paragraph at lines 342--342
\T1/ptm/m/n/12 au-ten-ti-ca-ção e
 []


Underfull \hbox (badness 10000) in paragraph at lines 342--342
\T1/ptm/m/n/12 acessa o sis-
 []


Underfull \hbox (badness 3168) in paragraph at lines 342--342
\T1/ptm/m/n/12 tema com seu
 []


Underfull \hbox (badness 10000) in paragraph at lines 342--342
[]|\T1/ptm/m/n/12 O acesso é
 []


Underfull \hbox (badness 10000) in paragraph at lines 342--342
\T1/ptm/m/n/12 au-ten-ti-cado e
 []


Underfull \hbox (badness 10000) in paragraph at lines 342--342
\T1/ptm/m/n/12 o usu-á-rio vi-
 []


Underfull \hbox (badness 10000) in paragraph at lines 342--342
\T1/ptm/m/n/12 su-a-liza ape-nas
 []


Underfull \hbox (badness 10000) in paragraph at lines 342--342
\T1/ptm/m/n/12 as fun-ções e
 []


Underfull \hbox (badness 10000) in paragraph at lines 343--343
[]|\T1/ptm/m/n/12 Administrador
 []


Underfull \hbox (badness 10000) in paragraph at lines 343--343
\T1/ptm/m/n/12 ativa/inativa
 []


Underfull \hbox (badness 10000) in paragraph at lines 343--343
\T1/ptm/m/n/12 um cli-ente e
 []


Underfull \hbox (badness 10000) in paragraph at lines 343--343
\T1/ptm/m/n/12 ca-das-tra uma
 []


Underfull \hbox (badness 10000) in paragraph at lines 343--343
[]|\T1/ptm/m/n/12 A cam-pa-nha
 []


Underfull \hbox (badness 10000) in paragraph at lines 343--343
\T1/ptm/m/n/12 fica vin-cu-lada
 []


Underfull \hbox (badness 10000) in paragraph at lines 343--343
\T1/ptm/m/n/12 ao cli-ente e
 []


Underfull \hbox (badness 10000) in paragraph at lines 343--343
\T1/ptm/m/n/12 não po-dem
 []


Underfull \hbox (badness 10000) in paragraph at lines 343--343
\T1/ptm/m/n/12 re-ce-ber no-vas
 []


Underfull \hbox (badness 3068) in paragraph at lines 344--344
[]|\T1/ptm/m/n/12 RF-09, RF-17,
 []


Underfull \hbox (badness 10000) in paragraph at lines 344--344
[]|\T1/ptm/m/n/12 Usuário con-
 []


Underfull \hbox (badness 10000) in paragraph at lines 344--344
\T1/ptm/m/n/12 res-pon-sá-vel,
 []


Underfull \hbox (badness 10000) in paragraph at lines 344--344
\T1/ptm/m/n/12 pri-o-ri-dade,
 []


Underfull \hbox (badness 10000) in paragraph at lines 344--344
[]|\T1/ptm/m/n/12 O his-tó-rico
 []


Underfull \hbox (badness 10000) in paragraph at lines 344--344
\T1/ptm/m/n/12 exibe au-tor,
 []


Underfull \hbox (badness 3557) in paragraph at lines 344--344
\T1/ptm/m/n/12 data/hora, mo-
 []


Underfull \hbox (badness 10000) in paragraph at lines 344--344
\T1/ptm/m/n/12 tivo, campo
 []


Underfull \hbox (badness 10000) in paragraph at lines 344--344
\T1/ptm/m/n/12 al-te-rado, va-
 []


Underfull \hbox (badness 7832) in paragraph at lines 344--344
\T1/ptm/m/n/12 lor an-te-rior e
 []


Underfull \hbox (badness 10000) in paragraph at lines 344--344
\T1/ptm/m/n/12 cada al-te-ra-ção
 []

ignored error: Infinite glue shrinkage found in box being split [23]
ignored error: Infinite glue shrinkage found in box being split [24]
ignored error: Infinite glue shrinkage found in box being split [25] [26]
[27] [28] [29] [30]
Underfull \hbox (badness 10000) in paragraph at lines 436--436
[]|\T1/ptm/m/n/12 Executar a de-manda, re-gis-trar
 []


Underfull \hbox (badness 10000) in paragraph at lines 436--436
\T1/ptm/m/n/12 ação/evidência e en-ca-mi-nhar para
 []


Overfull \hbox (55.95567pt too wide) in paragraph at lines 443--443
[]        \T1/pcr/m/n/12 A((Início: necessidade identificada)) --> B[Enviar sol
icitação][] 
 []

[31

]
Overfull \hbox (55.95567pt too wide) in paragraph at lines 451--451
[]            \T1/pcr/m/n/12 C[Registrar e validar ticket] --> D{Informações co
mpletas?}[] 
 []


Overfull \hbox (41.55568pt too wide) in paragraph at lines 454--454
[]            \T1/pcr/m/n/12 F -- Sim --> G[Registrar motivo e notificar cancel
amento][] 
 []


Overfull \hbox (77.55566pt too wide) in paragraph at lines 456--456
[]            \T1/pcr/m/n/12 F -- Não --> H[Classificar, priorizar, definir SLA
 e atribuir][] 
 []


Overfull \hbox (12.75569pt too wide) in paragraph at lines 462--462
[]            \T1/pcr/m/n/12 I[Executar demanda] --> J[Registrar ação e evidênc
ia][] 
 []

[32]
<figuras/bpmn-processo-to-be.png, id=609, 920.68968pt x 557.08125pt>
File: figuras/bpmn-processo-to-be.png Graphic file (type png)
<use figuras/bpmn-processo-to-be.png>
Package pdftex.def Info: figuras/bpmn-processo-to-be.png  used on input line 50
2.
(pdftex.def)             Requested size: 455.24411pt x 275.46281pt.
 [33 <./figuras/bpmn-processo-to-be.png>]
ignored error: Infinite glue shrinkage found in box being split [34

]
Overfull \hbox (221.5556pt too wide) in paragraph at lines 542--542
[]    \T1/pcr/m/n/12 A[Cliente ou equipe abre a solicitação] --> B[Triagem: tip
o, prioridade, campanha e prazo][] 
 []


Underfull \hbox (badness 2600) in paragraph at lines 560--560
[]|\T1/ptm/m/n/12 Atendimento está con-fe-rindo in-for-ma-
 []

ignored error: Infinite glue shrinkage found in box being split [35]
Underfull \hbox (badness 1132) in paragraph at lines 574--574
\T1/ptm/m/n/12 de-vido ou risco de
 []


Underfull \hbox (badness 2253) in paragraph at lines 575--575
[]|\T1/ptm/m/n/12 Alteração com im-
 []


Underfull \hbox (badness 2213) in paragraph at lines 575--575
\T1/ptm/m/n/12 pacto re-le-vante em
 []

[36]
Overfull \hbox (135.15564pt too wide) in paragraph at lines 583--583
[]\T1/pcr/m/n/12 +-------------------------------------------------------------
-------------------+ 
 []


Overfull \hbox (127.95564pt too wide) in paragraph at lines 584--584
[]\T1/pcr/m/n/12 | SIGE Desk                         [Nova solicitação]       [
Usuário / Perfil] |[] 
 []


Overfull \hbox (135.15564pt too wide) in paragraph at lines 585--585
[]\T1/pcr/m/n/12 +-------------------------------------------------------------
-------------------+[] 
 []


Overfull \hbox (120.75565pt too wide) in paragraph at lines 586--586
[]\T1/pcr/m/n/12 | Indicadores: [12 abertas] [4 em execução] [2 em validação] [
2 vencidas]      |[] 
 []


Overfull \hbox (135.15564pt too wide) in paragraph at lines 587--587
[]\T1/pcr/m/n/12 +------------------------------+------------------------------
-------------------+[] 
 []


Overfull \hbox (127.95564pt too wide) in paragraph at lines 588--588
[]\T1/pcr/m/n/12 | Filtros                      | Minhas demandas              
                  |[] 
 []


Overfull \hbox (127.95564pt too wide) in paragraph at lines 589--589
[]\T1/pcr/m/n/12 | - Cliente                    | #104 Ajustar orçamento - Clie
nte Alfa          |[] 
 []


Overfull \hbox (127.95564pt too wide) in paragraph at lines 590--590
[]\T1/pcr/m/n/12 | - Campanha                   | Prioridade: Alta | Em execuçã
o | vence 22/09   |[] 
 []


Overfull \hbox (135.15564pt too wide) in paragraph at lines 591--591
[]\T1/pcr/m/n/12 | - Tipo de demanda            |                              
                   |[] 
 []


Overfull \hbox (127.95564pt too wide) in paragraph at lines 592--592
[]\T1/pcr/m/n/12 | - Prioridade                 | #105 Aprovar criativo - Clien
te Beta           |[] 
 []


Overfull \hbox (127.95564pt too wide) in paragraph at lines 593--593
[]\T1/pcr/m/n/12 | - Status                     | Prioridade: Média | Aguardand
o cliente         |[] 
 []


Overfull \hbox (135.15564pt too wide) in paragraph at lines 594--594
[]\T1/pcr/m/n/12 +------------------------------+------------------------------
-------------------+[] 
 []


Overfull \hbox (135.15564pt too wide) in paragraph at lines 595--595
[]\T1/pcr/m/n/12 | Menu: Dashboard | Demandas | Clientes | Campanhas | Relatóri
os | Administração |[] 
 []


Overfull \hbox (135.15564pt too wide) in paragraph at lines 596--596
[]\T1/pcr/m/n/12 +-------------------------------------------------------------
-------------------+[] 
 []


Overfull \hbox (91.95566pt too wide) in paragraph at lines 613--613
[]\T1/pcr/m/n/12 [Cancelar]                                              [Envia
r solicitação][] 
 []

[37]
Underfull \hbox (badness 1688) in paragraph at lines 619--619
[]|\T1/ptm/m/n/12 Número do tic-ket, cli-ente, cam-pa-nha,
 []


Underfull \hbox (badness 1077) in paragraph at lines 620--620
[]|\T1/ptm/m/n/12 Urgência e prazo de-se-jado in-for-ma-dos
 []

[38]
Underfull \hbox (badness 1348) in paragraph at lines 666--666
[]|\T1/ptm/m/n/12 O sis-tema deve con-tro-lar
 []


Underfull \hbox (badness 1168) in paragraph at lines 667--667
\T1/ptm/m/n/12 e ina-ti-var cli-en-tes; cli-en-
 []


Underfull \hbox (badness 1019) in paragraph at lines 668--668
[]|\T1/ptm/m/n/12 O ad-mi-nis-tra-dor ou aten-
 []


Underfull \hbox (badness 3407) in paragraph at lines 669--669
[]|\T1/ptm/m/n/12 O sis-tema deve per-mi-tir
 []


Underfull \hbox (badness 3792) in paragraph at lines 669--669
\T1/ptm/m/n/12 abrir tic-ket com cli-ente,
 []


Underfull \hbox (badness 5847) in paragraph at lines 669--669
\T1/ptm/m/n/12 gên-cia in-for-mada, prazo
 []


Underfull \hbox (badness 2781) in paragraph at lines 673--673
[]|\T1/ptm/m/n/12 O sis-tema deve re-gis-trar
 []


Underfull \hbox (badness 4391) in paragraph at lines 674--674
[]|\T1/ptm/m/n/12 Usuários au-to-ri-za-dos de-
 []


Underfull \hbox (badness 2617) in paragraph at lines 676--676
\T1/ptm/m/n/12 e evi-dên-cias no en-cer-ra-
 []


Underfull \hbox (badness 3407) in paragraph at lines 677--677
[]|\T1/ptm/m/n/12 O sis-tema deve per-mi-tir
 []


Underfull \hbox (badness 1577) in paragraph at lines 679--679
[]|\T1/ptm/m/n/12 O pai-nel deve apre-sen-tar
 []


Underfull \hbox (badness 2529) in paragraph at lines 679--679
\T1/ptm/m/n/12 pri-o-ri-dade, res-pon-sá-vel e
 []


Underfull \hbox (badness 1325) in paragraph at lines 680--680
\T1/ptm/m/n/12 tic-kets ven-ci-dos e tic-kets
 []


Underfull \hbox (badness 3407) in paragraph at lines 681--681
[]|\T1/ptm/m/n/12 O sis-tema deve per-mi-tir
 []


Underfull \hbox (badness 7759) in paragraph at lines 681--681
\T1/ptm/m/n/12 con-sul-tar his-tó-rico com-
 []


Underfull \hbox (badness 3407) in paragraph at lines 682--682
[]|\T1/ptm/m/n/12 O sis-tema deve per-mi-tir
 []


Underfull \hbox (badness 2680) in paragraph at lines 682--682
\T1/ptm/m/n/12 texto, como CTR, CPC,
 []


Underfull \hbox (badness 10000) in paragraph at lines 684--684
[]|\T1/ptm/m/n/12 O sis-tema deve en-viar
 []


Underfull \hbox (badness 1748) in paragraph at lines 684--684
\T1/ptm/m/n/12 no-ti-fi-ca-ção no sis-tema e,
 []


Underfull \hbox (badness 4454) in paragraph at lines 684--684
\T1/ptm/m/n/12 quando con-fi-gu-rado, por
 []


Underfull \hbox (badness 10000) in paragraph at lines 684--684
\T1/ptm/m/n/12 Aten-di-mento/gestor de
 []


Underfull \hbox (badness 1603) in paragraph at lines 684--684
\T1/ptm/m/n/12 quando o tic-ket for atri-
 []


Underfull \hbox (badness 1990) in paragraph at lines 684--684
\T1/ptm/m/n/12 em va-li-da-ção, ven-cer ou
 []


Underfull \hbox (badness 1484) in paragraph at lines 685--685
\T1/ptm/m/n/12 e re-so-lu-ção do SLA, in-
 []

[39

]
ignored error: Infinite glue shrinkage found in box being split [40]
ignored error: Infinite glue shrinkage found in box being split [41]
ignored error: Infinite glue shrinkage found in box being split [42]
Underfull \hbox (badness 2150) in paragraph at lines 693--693
\T1/ptm/m/n/12 clu-í-das sem ajuda e ne-
 []


Underfull \hbox (badness 4024) in paragraph at lines 693--693
\T1/ptm/m/n/12 nhuma ta-refa pode fi-car
 []


Underfull \hbox (badness 2376) in paragraph at lines 694--694
[]|\T1/ptm/m/n/12 Senhas de-vem ser ar-ma-
 []


Underfull \hbox (badness 2790) in paragraph at lines 694--694
\T1/ptm/m/n/12 ze-na-das de forma pro-te-
 []


Underfull \hbox (badness 5924) in paragraph at lines 695--695
\T1/ptm/m/n/12 mente da-dos ne-ces-sá-rios
 []


Underfull \hbox (badness 4454) in paragraph at lines 697--697
[]|\T1/ptm/m/n/12 Um tic-ket con-clu-ído ou
 []


Underfull \hbox (badness 1810) in paragraph at lines 700--700
[]|\T1/ptm/m/n/12 O sis-tema deve in-for-mar
 []


Underfull \hbox (badness 2359) in paragraph at lines 700--700
\T1/ptm/m/n/12 in-dis-po-ni-bi-li-dade e evi-tar
 []


Underfull \hbox (badness 1014) in paragraph at lines 703--703
\T1/ptm/m/n/12 me-ses após con-clu-são ou
 []


Underfull \hbox (badness 1184) in paragraph at lines 703--703
\T1/ptm/m/n/12 can-ce-la-mento; ao fim do
 []


Underfull \hbox (badness 2253) in paragraph at lines 703--703
\T1/ptm/m/n/12 pe-rí-odo, de-vem ser ano-
 []


Underfull \hbox (badness 1571) in paragraph at lines 703--703
\T1/ptm/m/n/12 ni-mi-za-dos ou eli-mi-na-dos,
 []


Underfull \hbox (badness 2401) in paragraph at lines 703--703
\T1/ptm/m/n/12 salvo obri-ga-ção le-gal ou
 []

ignored error: Infinite glue shrinkage found in box being split [43]
ignored error: Infinite glue shrinkage found in box being split [44]
Underfull \hbox (badness 2042) in paragraph at lines 725--725
\T1/ptm/m/n/12 tran-si-ções para ^^PCon-clu-ída^^Q ou ^^PRe-a-
 []


Underfull \hbox (badness 10000) in paragraph at lines 727--727
[]|\T1/ptm/m/n/12 O sta-tus ^^PCon-clu-ída^^Q exige va-li-da-
 []


Underfull \hbox (badness 10000) in paragraph at lines 727--727
\T1/ptm/m/n/12 ção/aprovação ne-ces-sá-ria ou re-gis-tro
 []


Underfull \hbox (badness 1910) in paragraph at lines 732--732
[]|\T1/ptm/m/n/12 Cliente, aten-di-mento ou ad-mi-nis-tra-dor
 []


Underfull \hbox (badness 1715) in paragraph at lines 734--734
[]|\T1/ptm/m/n/12 Atribuição, co-men-tá-rio, mu-dança para
 []


Underfull \hbox (badness 3271) in paragraph at lines 735--735
[]|\T1/ptm/m/n/12 A con-fir-ma-ção au-to-má-tica de re-ce-bi-
 []

ignored error: Infinite glue shrinkage found in box being split [45]
ignored error: Infinite glue shrinkage found in box being split [46] [47]
ignored error: Infinite glue shrinkage found in box being split [48]
Underfull \hbox (badness 10000) in paragraph at lines 770--770
[]|\T1/ptm/m/n/12 O tic-ket re-cebe
 []


Underfull \hbox (badness 10000) in paragraph at lines 770--770
\T1/ptm/m/n/12 nú-mero, sta-tus
 []


Underfull \hbox (badness 10000) in paragraph at lines 770--770
\T1/ptm/m/n/12 ^^PAberta^^Q, ur-gên-cia
 []


Underfull \hbox (badness 4543) in paragraph at lines 770--770
\T1/ptm/m/n/12 in-for-mada e prazo
 []


Underfull \hbox (badness 10000) in paragraph at lines 772--772
[]|\T1/ptm/m/n/12 Cliente pode ser
 []


Underfull \hbox (badness 10000) in paragraph at lines 772--772
\T1/ptm/m/n/12 ati-vado/inativado e
 []


Underfull \hbox (badness 10000) in paragraph at lines 772--772
\T1/ptm/m/n/12 cam-pa-nha ca-das-
 []


Underfull \hbox (badness 5288) in paragraph at lines 772--772
\T1/ptm/m/n/12 ao cli-ente se-le-ci-o-
 []


Underfull \hbox (badness 3364) in paragraph at lines 773--773
[]|\T1/ptm/m/n/12 Atendimento faz a
 []


Underfull \hbox (badness 10000) in paragraph at lines 773--773
[]|\T1/ptm/m/n/12 Prioridade ofi-cial,
 []


Underfull \hbox (badness 10000) in paragraph at lines 773--773
\T1/ptm/m/n/12 pra-zos de SLA
 []


Underfull \hbox (badness 10000) in paragraph at lines 773--773
\T1/ptm/m/n/12 e res-pon-sá-vel fi-
 []


Underfull \hbox (badness 1946) in paragraph at lines 773--773
\T1/ptm/m/n/12 cam re-gis-tra-dos no
 []


Underfull \hbox (badness 10000) in paragraph at lines 774--774
[]|\T1/ptm/m/n/12 Gestor de trá-fego
 []


Underfull \hbox (badness 10000) in paragraph at lines 774--774
\T1/ptm/m/n/12 men-tá-rio/evidência
 []


Underfull \hbox (badness 10000) in paragraph at lines 774--774
\T1/ptm/m/n/12 e pode ser en-
 []


Underfull \hbox (badness 10000) in paragraph at lines 774--774
\T1/ptm/m/n/12 ca-mi-nhado para
 []


Underfull \hbox (badness 5288) in paragraph at lines 775--775
\T1/ptm/m/n/12 dando cli-ente^^Q até
 []


Underfull \hbox (badness 1609) in paragraph at lines 776--776
[]|\T1/ptm/m/n/12 Entrega pre-cisa ser
 []


Underfull \hbox (badness 10000) in paragraph at lines 776--776
\T1/ptm/m/n/12 ^^PEm va-li-da-ção^^Q;
 []


Underfull \hbox (badness 10000) in paragraph at lines 776--776
\T1/ptm/m/n/12 após apro-va-ção,
 []


Underfull \hbox (badness 10000) in paragraph at lines 776--776
\T1/ptm/m/n/12 torna-se ^^PCon-clu-
 []


Underfull \hbox (badness 4441) in paragraph at lines 777--777
\T1/ptm/m/n/12 com jus-ti-fi-ca-tiva e
 []


Underfull \hbox (badness 1275) in paragraph at lines 778--778
[]|\T1/ptm/m/n/12 O tic-ket é iden-ti-fi-
 []


Underfull \hbox (badness 1675) in paragraph at lines 778--778
\T1/ptm/m/n/12 no pai-nel ou lis-ta-
 []


Underfull \hbox (badness 4291) in paragraph at lines 779--779
[]|\T1/ptm/m/n/12 Ticket é atri-bu-ído,
 []


Underfull \hbox (badness 2460) in paragraph at lines 779--779
\T1/ptm/m/n/12 aguardo ou va-li-da-
 []


Underfull \hbox (badness 2521) in paragraph at lines 779--779
\T1/ptm/m/n/12 forme seu per-fil e
 []


Underfull \hbox (badness 3396) in paragraph at lines 780--780
[]|\T1/ptm/m/n/12 Administrador con-
 []


Underfull \hbox (badness 5878) in paragraph at lines 780--780
\T1/ptm/m/n/12 gras de apro-va-ção
 []


Underfull \hbox (badness 2469) in paragraph at lines 780--780
\T1/ptm/m/n/12 e evi-dên-cia apli-cá-
 []


Underfull \hbox (badness 3396) in paragraph at lines 781--781
[]|\T1/ptm/m/n/12 Administrador con-
 []


Underfull \hbox (badness 10000) in paragraph at lines 782--782
[]|\T1/ptm/m/n/12 Usuário con-sulta
 []


Underfull \hbox (badness 10000) in paragraph at lines 782--782
[]|\T1/ptm/m/n/12 A con-sulta exibe
 []


Underfull \hbox (badness 10000) in paragraph at lines 782--782
\T1/ptm/m/n/12 to-das as al-te-ra-
 []


Underfull \hbox (badness 4024) in paragraph at lines 782--782
\T1/ptm/m/n/12 ções au-di-tá-veis do
 []


Underfull \hbox (badness 7081) in paragraph at lines 782--782
\T1/ptm/m/n/12 tic-ket, com au-tor,
 []


Underfull \hbox (badness 10000) in paragraph at lines 782--782
\T1/ptm/m/n/12 data/hora, mo-tivo,
 []


Underfull \hbox (badness 1902) in paragraph at lines 782--782
\T1/ptm/m/n/12 campo, va-lor an-te-
 []


Underfull \hbox (badness 10000) in paragraph at lines 783--783
[]|\T1/ptm/m/n/12 RF-02, RN-09,
 []


Underfull \hbox (badness 1237) in paragraph at lines 784--784
\T1/ptm/m/n/12 ra-dos sem vi-o-lar a
 []

ignored error: Infinite glue shrinkage found in box being split [49]
ignored error: Infinite glue shrinkage found in box being split [50] [51]
Underfull \hbox (badness 10000) in paragraph at lines 807--807
[]|\T1/ptm/m/n/12 Campanha,
 []


Underfull \hbox (badness 10000) in paragraph at lines 807--807
\T1/ptm/m/n/12 or-ça-mento
 []


Underfull \hbox (badness 10000) in paragraph at lines 807--807
\T1/ptm/m/n/12 atual/proposto,
 []


Underfull \hbox (badness 10000) in paragraph at lines 807--807
\T1/ptm/m/n/12 jus-ti-fi-ca-tiva e
 []


Underfull \hbox (badness 7907) in paragraph at lines 807--807
\T1/ptm/m/n/12 fi-gu-rado como
 []


Underfull \hbox (badness 10000) in paragraph at lines 807--807
[]|\T1/ptm/m/n/12 Comentário
 []


Underfull \hbox (badness 10000) in paragraph at lines 807--807
\T1/ptm/m/n/12 com va-lor
 []


Underfull \hbox (badness 10000) in paragraph at lines 807--807
\T1/ptm/m/n/12 apli-cado e
 []


Underfull \hbox (badness 10000) in paragraph at lines 807--807
\T1/ptm/m/n/12 cap-tura/link
 []


Underfull \hbox (badness 10000) in paragraph at lines 807--807
\T1/ptm/m/n/12 quando dis-po-
 []


Underfull \hbox (badness 10000) in paragraph at lines 807--807
[]|\T1/ptm/m/n/12 Alta ou Ur-
 []


Underfull \hbox (badness 10000) in paragraph at lines 807--807
\T1/ptm/m/n/12 gente, con-
 []


Underfull \hbox (badness 10000) in paragraph at lines 808--808
[]|\T1/ptm/m/n/12 Alteração
 []


Underfull \hbox (badness 10000) in paragraph at lines 808--808
\T1/ptm/m/n/12 ou pausa de
 []


Underfull \hbox (badness 10000) in paragraph at lines 808--808
[]|\T1/ptm/m/n/12 Campanha,
 []


Underfull \hbox (badness 10000) in paragraph at lines 808--808
\T1/ptm/m/n/12 ca-nal, anún-
 []


Underfull \hbox (badness 10000) in paragraph at lines 808--808
\T1/ptm/m/n/12 cio/ativo
 []


Underfull \hbox (badness 10000) in paragraph at lines 808--808
\T1/ptm/m/n/12 afe-tado, ação
 []


Underfull \hbox (badness 10000) in paragraph at lines 808--808
\T1/ptm/m/n/12 so-li-ci-tada e
 []


Underfull \hbox (badness 10000) in paragraph at lines 808--808
\T1/ptm/m/n/12 ou ge-rar im-
 []


Underfull \hbox (badness 10000) in paragraph at lines 808--808
[]|\T1/ptm/m/n/12 Comentário,
 []


Underfull \hbox (badness 10000) in paragraph at lines 809--809
[]|\T1/ptm/m/n/12 Aprovação de
 []


Underfull \hbox (badness 10000) in paragraph at lines 809--809
[]|\T1/ptm/m/n/12 Campanha,
 []


Underfull \hbox (badness 10000) in paragraph at lines 809--809
\T1/ptm/m/n/12 ca-nal, cri-a-
 []


Underfull \hbox (badness 10000) in paragraph at lines 809--809
\T1/ptm/m/n/12 tivo/anexo e
 []


Underfull \hbox (badness 2310) in paragraph at lines 809--809
[]|\T1/ptm/m/n/12 Cliente obri-ga-
 []


Underfull \hbox (badness 10000) in paragraph at lines 809--809
[]|\T1/ptm/m/n/12 Decisão re-
 []


Underfull \hbox (badness 10000) in paragraph at lines 809--809
\T1/ptm/m/n/12 gis-trada no
 []


Underfull \hbox (badness 1383) in paragraph at lines 810--810
\T1/ptm/m/n/12 rí-odo, mé-tri-cas
 []


Underfull \hbox (badness 10000) in paragraph at lines 810--810
[]|\T1/ptm/m/n/12 Não obri-ga-
 []


Underfull \hbox (badness 10000) in paragraph at lines 810--810
\T1/ptm/m/n/12 tó-ria, salvo
 []


Underfull \hbox (badness 10000) in paragraph at lines 810--810
\T1/ptm/m/n/12 so-li-ci-ta-ção
 []


Underfull \hbox (badness 10000) in paragraph at lines 811--811
\T1/ptm/m/n/12 de ne-gó-cio e
 []


Underfull \hbox (badness 10000) in paragraph at lines 811--811
\T1/ptm/m/n/12 in-di-ca-do-res
 []


Underfull \hbox (badness 10000) in paragraph at lines 811--811
[]|\T1/ptm/m/n/12 Não obri-ga-tó-
 []


Underfull \hbox (badness 10000) in paragraph at lines 811--811
[]|\T1/ptm/m/n/12 Comentário
 []


Underfull \hbox (badness 10000) in paragraph at lines 811--811
\T1/ptm/m/n/12 dên-cia/relatório
 []


Underfull \hbox (badness 3168) in paragraph at lines 811--811
[]|\T1/ptm/m/n/12 Baixa ou Mé-
 []

ignored error: Infinite glue shrinkage found in box being split [52]
Underfull \hbox (badness 3199) in paragraph at lines 816--816
[]|\T1/ptm/m/n/12 Próximo sta-tus
 []


Underfull \hbox (badness 10000) in paragraph at lines 817--817
[]|\T1/ptm/m/n/12 Em tri-a-gem,
 []


Underfull \hbox (badness 10000) in paragraph at lines 817--817
[]|\T1/ptm/m/n/12 Atendimento,
 []


Underfull \hbox (badness 10000) in paragraph at lines 817--817
[]|\T1/ptm/m/n/12 Motivo do
 []


Underfull \hbox (badness 10000) in paragraph at lines 817--817
\T1/ptm/m/n/12 can-ce-la-mento,
 []


Underfull \hbox (badness 4505) in paragraph at lines 817--817
\T1/ptm/m/n/12 quando apli-cá-
 []


Underfull \hbox (badness 4505) in paragraph at lines 817--817
[]|\T1/ptm/m/n/12 Inicia pri-meira
 []


Underfull \hbox (badness 10000) in paragraph at lines 818--818
[]|\T1/ptm/m/n/12 Em exe-cu-ção,
 []


Underfull \hbox (badness 10000) in paragraph at lines 818--818
\T1/ptm/m/n/12 Aguar-dando
 []


Underfull \hbox (badness 1389) in paragraph at lines 818--818
\T1/ptm/m/n/12 cli-ente, Can-ce-
 []


Underfull \hbox (badness 10000) in paragraph at lines 818--818
[]|\T1/ptm/m/n/12 Atendimento,
 []


Underfull \hbox (badness 10000) in paragraph at lines 818--818
[]|\T1/ptm/m/n/12 Prioridade,
 []


Underfull \hbox (badness 10000) in paragraph at lines 818--818
\T1/ptm/m/n/12 prazo, res-
 []


Underfull \hbox (badness 10000) in paragraph at lines 818--818
\T1/ptm/m/n/12 pon-sá-vel e
 []


Underfull \hbox (badness 10000) in paragraph at lines 818--818
\T1/ptm/m/n/12 mo-tivo do
 []


Overfull \hbox (33.57222pt too wide) in paragraph at lines 818--818
\T1/ptm/m/n/12 aguardo/cancelamento.| 
 []


Underfull \hbox (badness 10000) in paragraph at lines 819--819
[]|\T1/ptm/m/n/12 Aguardando
 []


Underfull \hbox (badness 10000) in paragraph at lines 819--819
\T1/ptm/m/n/12 cli-ente, Em
 []


Underfull \hbox (badness 10000) in paragraph at lines 819--819
[]|\T1/ptm/m/n/12 Responsável,
 []


Underfull \hbox (badness 10000) in paragraph at lines 819--819
\T1/ptm/m/n/12 Aten-di-mento,
 []


Underfull \hbox (badness 10000) in paragraph at lines 819--819
[]|\T1/ptm/m/n/12 Comentário e
 []


Underfull \hbox (badness 10000) in paragraph at lines 819--819
\T1/ptm/m/n/12 evi-dên-cia para
 []


Underfull \hbox (badness 4872) in paragraph at lines 819--819
[]|\T1/ptm/m/n/12 Pausa so-mente
 []


Underfull \hbox (badness 10000) in paragraph at lines 820--820
[]|\T1/ptm/m/n/12 Aguardando
 []


Underfull \hbox (badness 10000) in paragraph at lines 820--820
[]|\T1/ptm/m/n/12 Em tri-a-gem,
 []


Underfull \hbox (badness 10000) in paragraph at lines 820--820
\T1/ptm/m/n/12 Em exe-cu-ção,
 []


Underfull \hbox (badness 10000) in paragraph at lines 820--820
[]|\T1/ptm/m/n/12 Atendimento,
 []


Underfull \hbox (badness 3271) in paragraph at lines 820--820
[]|\T1/ptm/m/n/12 Informação re-
 []


Underfull \hbox (badness 1424) in paragraph at lines 820--820
\T1/ptm/m/n/12 ce-bida ou mo-
 []


Underfull \hbox (badness 7273) in paragraph at lines 821--821
[]|\T1/ptm/m/n/12 Cliente, Aten-
 []


Underfull \hbox (badness 10000) in paragraph at lines 821--821
[]|\T1/ptm/m/n/12 Aprovação ou
 []


Underfull \hbox (badness 7685) in paragraph at lines 821--821
\T1/ptm/m/n/12 jus-ti-fi-ca-tiva da
 []


Underfull \hbox (badness 10000) in paragraph at lines 821--821
[]|\T1/ptm/m/n/12 Continua até
 []


Underfull \hbox (badness 4531) in paragraph at lines 821--821
\T1/ptm/m/n/12 ber-tura re-torna
 []


Underfull \hbox (badness 7273) in paragraph at lines 822--822
[]|\T1/ptm/m/n/12 Cliente, Aten-
 []


Underfull \hbox (badness 4341) in paragraph at lines 822--822
[]|\T1/ptm/m/n/12 Justificativa de
 []


Underfull \hbox (badness 2469) in paragraph at lines 822--822
[]|\T1/ptm/m/n/12 Novo ci-clo de
 []


Underfull \hbox (badness 4144) in paragraph at lines 822--822
\T1/ptm/m/n/12 re-so-lu-ção deve
 []


Underfull \hbox (badness 10000) in paragraph at lines 823--823
[]|\T1/ptm/m/n/12 Atendimento,
 []


Underfull \hbox (badness 10000) in paragraph at lines 823--823
[]|\T1/ptm/m/n/12 Responsável
 []


Underfull \hbox (badness 10000) in paragraph at lines 823--823
\T1/ptm/m/n/12 e pri-o-ri-dade
 []


Underfull \hbox (badness 10000) in paragraph at lines 823--823
[]|\T1/ptm/m/n/12 Continua con-
 []


Underfull \hbox (badness 10000) in paragraph at lines 823--823
\T1/ptm/m/n/12 forme re-gra
 []

ignored error: Infinite glue shrinkage found in box being split [53]
Underfull \hbox (badness 10000) in paragraph at lines 828--828
\T1/ptm/m/n/12 ne-ces-si-
 []


Overfull \hbox (4.04007pt too wide) in paragraph at lines 828--828
[]|\T1/ptm/m/n/12 Requisito(s)| 
 []


Underfull \hbox (badness 10000) in paragraph at lines 828--828
[]|\T1/ptm/m/n/12 Critério
 []


Overfull \hbox (5.85237pt too wide) in paragraph at lines 828--828
[]|\T1/ptm/m/n/12 Responsável| 
 []


Underfull \hbox (badness 10000) in paragraph at lines 829--829
[]|\T1/ptm/m/n/12 Pedidos
 []


Underfull \hbox (badness 10000) in paragraph at lines 829--829
\T1/ptm/m/n/12 dis-per-sos
 []


Underfull \hbox (badness 10000) in paragraph at lines 829--829
[]|\T1/ptm/m/n/12 RF-05,
 []


Underfull \hbox (badness 10000) in paragraph at lines 829--829
\T1/ptm/m/n/12 RF-06,
 []


Underfull \hbox (badness 10000) in paragraph at lines 829--829
[]|\T1/ptm/m/n/12 Ticket
 []


Underfull \hbox (badness 10000) in paragraph at lines 829--829
\T1/ptm/m/n/12 iden-ti-fi-
 []


Underfull \hbox (badness 10000) in paragraph at lines 829--829
\T1/ptm/m/n/12 cado e
 []


Underfull \hbox (badness 10000) in paragraph at lines 829--829
\T1/ptm/m/n/12 his-tó-rico
 []


Underfull \hbox (badness 10000) in paragraph at lines 829--829
\T1/ptm/m/n/12 con-sul-tá-vel
 []


Underfull \hbox (badness 10000) in paragraph at lines 829--829
[]|\T1/ptm/m/n/12 Grupo TI
 []


Underfull \hbox (badness 10000) in paragraph at lines 830--830
[]|\T1/ptm/m/n/12 Falta de
 []


Underfull \hbox (badness 10000) in paragraph at lines 830--830
\T1/ptm/m/n/12 tri-a-gem,
 []


Underfull \hbox (badness 10000) in paragraph at lines 830--830
\T1/ptm/m/n/12 prazo e
 []


Underfull \hbox (badness 10000) in paragraph at lines 830--830
\T1/ptm/m/n/12 res-pon-sá-
 []


Underfull \hbox (badness 10000) in paragraph at lines 830--830
[]|\T1/ptm/m/n/12 RF-07,
 []


Underfull \hbox (badness 10000) in paragraph at lines 830--830
\T1/ptm/m/n/12 RF-09,
 []


Underfull \hbox (badness 10000) in paragraph at lines 830--830
\T1/ptm/m/n/12 RF-21,
 []


Underfull \hbox (badness 10000) in paragraph at lines 830--830
\T1/ptm/m/n/12 RF-23,
 []


Underfull \hbox (badness 10000) in paragraph at lines 830--830
[]|\T1/ptm/m/n/12 Triagem
 []


Underfull \hbox (badness 10000) in paragraph at lines 830--830
\T1/ptm/m/n/12 re-gis-tra
 []


Underfull \hbox (badness 10000) in paragraph at lines 830--830
\T1/ptm/m/n/12 res-pon-
 []


Underfull \hbox (badness 10000) in paragraph at lines 830--830
\T1/ptm/m/n/12 sá-vel,
 []


Underfull \hbox (badness 10000) in paragraph at lines 830--830
\T1/ptm/m/n/12 pri-o-ri-dade,
 []


Underfull \hbox (badness 10000) in paragraph at lines 830--830
\T1/ptm/m/n/12 prazo e
 []


Underfull \hbox (badness 1360) in paragraph at lines 830--830
\T1/ptm/m/n/12 SLA; con-
 []


Underfull \hbox (badness 10000) in paragraph at lines 830--830
\T1/ptm/m/n/12 fir-ma-ção
 []


Underfull \hbox (badness 10000) in paragraph at lines 830--830
\T1/ptm/m/n/12 au-to-má-
 []


Underfull \hbox (badness 10000) in paragraph at lines 830--830
\T1/ptm/m/n/12 tica não
 []


Underfull \hbox (badness 10000) in paragraph at lines 830--830
\T1/ptm/m/n/12 en-cerra
 []


Underfull \hbox (badness 10000) in paragraph at lines 830--830
\T1/ptm/m/n/12 pri-meira
 []


Underfull \hbox (badness 10000) in paragraph at lines 830--830
\T1/ptm/m/n/12 CT-02 e
 []


Underfull \hbox (badness 10000) in paragraph at lines 830--830
[]|\T1/ptm/m/n/12 Grupo TI
 []


Underfull \hbox (badness 10000) in paragraph at lines 831--831
[]|\T1/ptm/m/n/12 Retrabalho
 []


Underfull \hbox (badness 10000) in paragraph at lines 831--831
\T1/ptm/m/n/12 e au-sên-
 []


Underfull \hbox (badness 10000) in paragraph at lines 831--831
\T1/ptm/m/n/12 cia de
 []


Underfull \hbox (badness 10000) in paragraph at lines 831--831
[]|\T1/ptm/m/n/12 RF-11,
 []


Underfull \hbox (badness 10000) in paragraph at lines 831--831
\T1/ptm/m/n/12 RF-12,
 []


Underfull \hbox (badness 10000) in paragraph at lines 831--831
\T1/ptm/m/n/12 RF-22,
 []


Underfull \hbox (badness 10000) in paragraph at lines 831--831
\T1/ptm/m/n/12 RN-05,
 []


Underfull \hbox (badness 10000) in paragraph at lines 831--831
\T1/ptm/m/n/12 RN-06,
 []


Underfull \hbox (badness 10000) in paragraph at lines 831--831
[]|\T1/ptm/m/n/12 Validação,
 []


Underfull \hbox (badness 10000) in paragraph at lines 831--831
\T1/ptm/m/n/12 evi-dên-cia,
 []


Underfull \hbox (badness 10000) in paragraph at lines 831--831
\T1/ptm/m/n/12 con-fi-gu-
 []


Underfull \hbox (badness 10000) in paragraph at lines 831--831
\T1/ptm/m/n/12 ra-ção do
 []


Underfull \hbox (badness 10000) in paragraph at lines 831--831
\T1/ptm/m/n/12 tipo e
 []


Underfull \hbox (badness 10000) in paragraph at lines 831--831
\T1/ptm/m/n/12 re-a-ber-tura
 []


Underfull \hbox (badness 10000) in paragraph at lines 831--831
\T1/ptm/m/n/12 com jus-
 []


Underfull \hbox (badness 10000) in paragraph at lines 831--831
\T1/ptm/m/n/12 ti-fi-ca-tiva
 []


Underfull \hbox (badness 10000) in paragraph at lines 831--831
[]|\T1/ptm/m/n/12 Grupo TI
 []


Underfull \hbox (badness 10000) in paragraph at lines 832--832
[]|\T1/ptm/m/n/12 Atrasos
 []


Underfull \hbox (badness 10000) in paragraph at lines 832--832
\T1/ptm/m/n/12 e co-mu-
 []


Underfull \hbox (badness 10000) in paragraph at lines 832--832
\T1/ptm/m/n/12 ni-ca-ção
 []


Underfull \hbox (badness 10000) in paragraph at lines 832--832
\T1/ptm/m/n/12 in-su-fi-ci-
 []


Underfull \hbox (badness 10000) in paragraph at lines 832--832
[]|\T1/ptm/m/n/12 RF-16,
 []


Underfull \hbox (badness 10000) in paragraph at lines 832--832
\T1/ptm/m/n/12 RF-20,
 []


Underfull \hbox (badness 10000) in paragraph at lines 832--832
\T1/ptm/m/n/12 RN-12,
 []


Overfull \hbox (2.6963pt too wide) in paragraph at lines 832--832
[]|\T1/ptm/m/n/12 Vencimento
 []


Underfull \hbox (badness 10000) in paragraph at lines 832--832
\T1/ptm/m/n/12 e even-tos
 []


Underfull \hbox (badness 10000) in paragraph at lines 832--832
\T1/ptm/m/n/12 ge-ram
 []


Underfull \hbox (badness 10000) in paragraph at lines 832--832
\T1/ptm/m/n/12 no-ti-fi-ca-ção
 []


Underfull \hbox (badness 10000) in paragraph at lines 832--832
[]|\T1/ptm/m/n/12 Grupo TI
 []


Underfull \hbox (badness 10000) in paragraph at lines 833--833
[]|\T1/ptm/m/n/12 Proteção
 []


Underfull \hbox (badness 10000) in paragraph at lines 833--833
\T1/ptm/m/n/12 con-ti-nu-i-
 []


Underfull \hbox (badness 10000) in paragraph at lines 833--833
[]|\T1/ptm/m/n/12 RF-02,
 []


Underfull \hbox (badness 10000) in paragraph at lines 833--833
\T1/ptm/m/n/12 RNF-02,
 []


Underfull \hbox (badness 10000) in paragraph at lines 833--833
\T1/ptm/m/n/12 RNF-10,
 []


Underfull \hbox (badness 10000) in paragraph at lines 833--833
[]|\T1/ptm/m/n/12 Acesso
 []


Underfull \hbox (badness 10000) in paragraph at lines 833--833
\T1/ptm/m/n/12 por or-ga-
 []


Underfull \hbox (badness 10000) in paragraph at lines 833--833
\T1/ptm/m/n/12 ni-za-ção
 []


Underfull \hbox (badness 10000) in paragraph at lines 833--833
\T1/ptm/m/n/12 e res-tau-
 []


Underfull \hbox (badness 10000) in paragraph at lines 833--833
\T1/ptm/m/n/12 ra-ção de
 []


Underfull \hbox (badness 2103) in paragraph at lines 833--833
\T1/ptm/m/n/12 bac-kup ^^V
 []


Underfull \hbox (badness 10000) in paragraph at lines 833--833
\T1/ptm/m/n/12 CT-08 e
 []


Underfull \hbox (badness 10000) in paragraph at lines 833--833
[]|\T1/ptm/m/n/12 Grupo TI
 []


Underfull \hbox (badness 10000) in paragraph at lines 834--834
[]|\T1/ptm/m/n/12 Interface
 []


Underfull \hbox (badness 10000) in paragraph at lines 834--834
\T1/ptm/m/n/12 com-pre-en-
 []


Underfull \hbox (badness 10000) in paragraph at lines 834--834
\T1/ptm/m/n/12 sí-vel para
 []


Underfull \hbox (badness 10000) in paragraph at lines 834--834
\T1/ptm/m/n/12 di-fe-ren-tes
 []


Underfull \hbox (badness 10000) in paragraph at lines 834--834
[]|\T1/ptm/m/n/12 RNF-01,
 []


Underfull \hbox (badness 10000) in paragraph at lines 834--834
[]|\T1/ptm/m/n/12 Teste de
 []


Underfull \hbox (badness 10000) in paragraph at lines 834--834
\T1/ptm/m/n/12 ta-re-fas e
 []


Underfull \hbox (badness 10000) in paragraph at lines 834--834
\T1/ptm/m/n/12 UEQ-S
 []


Underfull \hbox (badness 10000) in paragraph at lines 834--834
\T1/ptm/m/n/12 con-forme
 []


Underfull \hbox (badness 10000) in paragraph at lines 834--834
[]|\T1/ptm/m/n/12 Grupo TI
 []


Overfull \hbox (5.34816pt too wide) in paragraph at lines 835--835
[]|\T1/ptm/m/n/12 Necessidade
 []


Underfull \hbox (badness 10000) in paragraph at lines 835--835
\T1/ptm/m/n/12 pre-vi-sí-vel
 []


Underfull \hbox (badness 10000) in paragraph at lines 835--835
\T1/ptm/m/n/12 no uso
 []


Underfull \hbox (badness 10000) in paragraph at lines 835--835
[]|\T1/ptm/m/n/12 Abertura
 []


Underfull \hbox (badness 3058) in paragraph at lines 835--835
\T1/ptm/m/n/12 e lis-ta-gem
 []


Underfull \hbox (badness 10000) in paragraph at lines 835--835
\T1/ptm/m/n/12 aten-dem
 []


Underfull \hbox (badness 10000) in paragraph at lines 835--835
\T1/ptm/m/n/12 ao tempo
 []


Underfull \hbox (badness 10000) in paragraph at lines 835--835
[]|\T1/ptm/m/n/12 Grupo TI
 []


Overfull \hbox (14.34526pt too wide) in alignment at lines 826--836
 [] [] [] [] [] [] [] 
 []

ignored error: Infinite glue shrinkage found in box being split [54]
Underfull \hbox (badness 10000) in paragraph at lines 841--841
\T1/ptm/m/n/12 di-mento/gestor de
 []


Underfull \hbox (badness 10000) in paragraph at lines 841--841
[]|\T1/ptm/m/n/12 Número, as-sunto,
 []


Underfull \hbox (badness 1838) in paragraph at lines 841--841
\T1/ptm/m/n/12 pri-o-ri-dade ofi-cial e
 []


Underfull \hbox (badness 2790) in paragraph at lines 842--842
[]|\T1/ptm/m/n/12 Solicitante, res-pon-
 []


Underfull \hbox (badness 10000) in paragraph at lines 842--842
\T1/ptm/m/n/12 sá-vel e usu-á-rios
 []


Underfull \hbox (badness 10000) in paragraph at lines 842--842
\T1/ptm/m/n/12 men-ci-o-na-dos com
 []


Underfull \hbox (badness 2245) in paragraph at lines 843--843
[]|\T1/ptm/m/n/12 Solicitante e Aten-
 []


Underfull \hbox (badness 10000) in paragraph at lines 843--843
\T1/ptm/m/n/12 di-mento/gestor de
 []


Underfull \hbox (badness 3547) in paragraph at lines 843--843
\T1/ptm/m/n/12 va-ção ne-ces-sá-ria e
 []


Underfull \hbox (badness 2245) in paragraph at lines 844--844
[]|\T1/ptm/m/n/12 Solicitante e Aten-
 []


Underfull \hbox (badness 10000) in paragraph at lines 844--844
\T1/ptm/m/n/12 di-mento/gestor de
 []


Underfull \hbox (badness 2245) in paragraph at lines 845--845
[]|\T1/ptm/m/n/12 Responsável, Aten-
 []


Underfull \hbox (badness 10000) in paragraph at lines 845--845
\T1/ptm/m/n/12 di-mento/gestor de
 []


Underfull \hbox (badness 10000) in paragraph at lines 845--845
\T1/ptm/m/n/12 prazo ven-cido e
 []


Underfull \hbox (badness 2245) in paragraph at lines 846--846
[]|\T1/ptm/m/n/12 Concluída ou Re-a-
 []


Underfull \hbox (badness 10000) in paragraph at lines 846--846
[]|\T1/ptm/m/n/12 Solicitante, res-
 []


Underfull \hbox (badness 10000) in paragraph at lines 846--846
\T1/ptm/m/n/12 pon-sá-vel e Aten-
 []


Underfull \hbox (badness 10000) in paragraph at lines 846--846
\T1/ptm/m/n/12 di-mento/gestor de
 []


Underfull \hbox (badness 3229) in paragraph at lines 846--846
[]|\T1/ptm/m/n/12 Novo sta-tus, jus-ti-
 []


Underfull \hbox (badness 5189) in paragraph at lines 846--846
\T1/ptm/m/n/12 fi-ca-tiva e pró-ximo
 []

[55] [56]) (F:\GIT\Area de Trabalho\TI\Overleaf\build\principal.aux)
 ***********
LaTeX2e <2025-11-01>
L3 programming layer <2025-12-24>
 ***********
Package rerunfilecheck Info: File `principal.out' has not changed.
(rerunfilecheck)             Checksum: 81925E4FB9ACAE44120CFE90B0F3EF87;17062.
 ) 
Here is how much of TeX's memory you used:
 29247 strings out of 467870
 538817 string characters out of 5418355
 1049042 words of memory out of 5000000
 57448 multiletter control sequences out of 15000+600000
 653022 words of font info for 76 fonts, out of 8000000 for 9000
 1141 hyphenation exceptions out of 8191
 99i,13n,108p,1235b,666s stack positions out of 10000i,1000n,20000p,200000b,200000s
<C:/Users/nayar/AppData/Local/Programs/MiKTeX/fonts/type1/urw/courier/ucrr8a.
pfb><C:/Users/nayar/AppData/Local/Programs/MiKTeX/fonts/type1/urw/times/utmb8a.
pfb><C:/Users/nayar/AppData/Local/Programs/MiKTeX/fonts/type1/urw/times/utmbi8a
.pfb><C:/Users/nayar/AppData/Local/Programs/MiKTeX/fonts/type1/urw/times/utmr8a
.pfb><C:/Users/nayar/AppData/Local/Programs/MiKTeX/fonts/type1/urw/times/utmri8
a.pfb>
Output written on "F:\GIT\Area de Trabalho\TI\Overleaf\build\principal.pdf" (58
 pages, 342608 bytes).
PDF statistics:
 793 PDF objects out of 1000 (max. 8388607)
 157 named destinations out of 1000 (max. 500000)
 695 words of extra memory for PDF output out of 10000 (max. 10000000)

